Archive member included to satisfy reference by file (symbol)

/usr/lib/gcc/arm-none-eabi/9.2.1/thumb/v7e-m+fp/hard/libgcc.a(_arm_muldf3.o)
                              /home/abhishek/qorc-sdk/fpga-examples2/Assignment6/GCC_Project/output/ql_test_signals.o (__aeabi_dmul)
/usr/lib/gcc/arm-none-eabi/9.2.1/thumb/v7e-m+fp/hard/libgcc.a(_arm_addsubdf3.o)
                              /home/abhishek/qorc-sdk/fpga-examples2/Assignment6/GCC_Project/output/ql_test_signals.o (__aeabi_dadd)
/usr/lib/gcc/arm-none-eabi/9.2.1/thumb/v7e-m+fp/hard/libgcc.a(_arm_muldivdf3.o)
                              /home/abhishek/qorc-sdk/fpga-examples2/Assignment6/GCC_Project/output/eoss3_hal_i2c.o (__aeabi_ddiv)
/usr/lib/gcc/arm-none-eabi/9.2.1/thumb/v7e-m+fp/hard/libgcc.a(_arm_fixdfsi.o)
                              /home/abhishek/qorc-sdk/fpga-examples2/Assignment6/GCC_Project/output/ql_test_signals.o (__aeabi_d2iz)
/usr/lib/gcc/arm-none-eabi/9.2.1/thumb/v7e-m+fp/hard/libgcc.a(_arm_truncdfsf2.o)
                              /home/abhishek/qorc-sdk/fpga-examples2/Assignment6/GCC_Project/output/eoss3_hal_i2c.o (__aeabi_d2f)
/usr/lib/gcc/arm-none-eabi/9.2.1/thumb/v7e-m+fp/hard/libgcc.a(_aeabi_ldivmod.o)
                              /home/abhishek/qorc-sdk/fpga-examples2/Assignment6/GCC_Project/output/dbg_uart.o (__aeabi_ldivmod)
/usr/lib/gcc/arm-none-eabi/9.2.1/thumb/v7e-m+fp/hard/libgcc.a(_aeabi_uldivmod.o)
                              /home/abhishek/qorc-sdk/fpga-examples2/Assignment6/GCC_Project/output/s3x_lpm.o (__aeabi_uldivmod)
/usr/lib/gcc/arm-none-eabi/9.2.1/thumb/v7e-m+fp/hard/libgcc.a(_udivmoddi4.o)
                              /usr/lib/gcc/arm-none-eabi/9.2.1/thumb/v7e-m+fp/hard/libgcc.a(_aeabi_ldivmod.o) (__udivmoddi4)
/usr/lib/gcc/arm-none-eabi/9.2.1/thumb/v7e-m+fp/hard/libgcc.a(_dvmd_tls.o)
                              /usr/lib/gcc/arm-none-eabi/9.2.1/thumb/v7e-m+fp/hard/libgcc.a(_aeabi_ldivmod.o) (__aeabi_ldiv0)
/usr/lib/gcc/arm-none-eabi/9.2.1/../../../arm-none-eabi/lib/thumb/v7e-m+fp/hard/libg_nano.a(lib_a-atexit.o)
                              /usr/lib/gcc/arm-none-eabi/9.2.1/../../../arm-none-eabi/lib/thumb/v7e-m+fp/hard/crt0.o (atexit)
/usr/lib/gcc/arm-none-eabi/9.2.1/../../../arm-none-eabi/lib/thumb/v7e-m+fp/hard/libg_nano.a(lib_a-exit.o)
                              /usr/lib/gcc/arm-none-eabi/9.2.1/../../../arm-none-eabi/lib/thumb/v7e-m+fp/hard/crt0.o (exit)
/usr/lib/gcc/arm-none-eabi/9.2.1/../../../arm-none-eabi/lib/thumb/v7e-m+fp/hard/libg_nano.a(lib_a-fini.o)
                              /usr/lib/gcc/arm-none-eabi/9.2.1/../../../arm-none-eabi/lib/thumb/v7e-m+fp/hard/crt0.o (__libc_fini_array)
/usr/lib/gcc/arm-none-eabi/9.2.1/../../../arm-none-eabi/lib/thumb/v7e-m+fp/hard/libg_nano.a(lib_a-impure.o)
                              /usr/lib/gcc/arm-none-eabi/9.2.1/../../../arm-none-eabi/lib/thumb/v7e-m+fp/hard/libg_nano.a(lib_a-exit.o) (_global_impure_ptr)
/usr/lib/gcc/arm-none-eabi/9.2.1/../../../arm-none-eabi/lib/thumb/v7e-m+fp/hard/libg_nano.a(lib_a-init.o)
                              /usr/lib/gcc/arm-none-eabi/9.2.1/../../../arm-none-eabi/lib/thumb/v7e-m+fp/hard/crt0.o (__libc_init_array)
/usr/lib/gcc/arm-none-eabi/9.2.1/../../../arm-none-eabi/lib/thumb/v7e-m+fp/hard/libg_nano.a(lib_a-malloc.o)
                              /home/abhishek/qorc-sdk/fpga-examples2/Assignment6/GCC_Project/output/circularBuffQueue.o (malloc)
/usr/lib/gcc/arm-none-eabi/9.2.1/../../../arm-none-eabi/lib/thumb/v7e-m+fp/hard/libg_nano.a(lib_a-memcpy.o)
                              /home/abhishek/qorc-sdk/fpga-examples2/Assignment6/GCC_Project/output/cli_args.o (memcpy)
/usr/lib/gcc/arm-none-eabi/9.2.1/../../../arm-none-eabi/lib/thumb/v7e-m+fp/hard/libg_nano.a(lib_a-memset.o)
                              /usr/lib/gcc/arm-none-eabi/9.2.1/../../../arm-none-eabi/lib/thumb/v7e-m+fp/hard/crt0.o (memset)
/usr/lib/gcc/arm-none-eabi/9.2.1/../../../arm-none-eabi/lib/thumb/v7e-m+fp/hard/libg_nano.a(lib_a-nano-freer.o)
                              /usr/lib/gcc/arm-none-eabi/9.2.1/../../../arm-none-eabi/lib/thumb/v7e-m+fp/hard/libg_nano.a(lib_a-malloc.o) (_free_r)
/usr/lib/gcc/arm-none-eabi/9.2.1/../../../arm-none-eabi/lib/thumb/v7e-m+fp/hard/libg_nano.a(lib_a-nano-mallocr.o)
                              /usr/lib/gcc/arm-none-eabi/9.2.1/../../../arm-none-eabi/lib/thumb/v7e-m+fp/hard/libg_nano.a(lib_a-malloc.o) (_malloc_r)
/usr/lib/gcc/arm-none-eabi/9.2.1/../../../arm-none-eabi/lib/thumb/v7e-m+fp/hard/libg_nano.a(lib_a-printf.o)
                              /home/abhishek/qorc-sdk/fpga-examples2/Assignment6/GCC_Project/output/circularBuffQueue.o (printf)
/usr/lib/gcc/arm-none-eabi/9.2.1/../../../arm-none-eabi/lib/thumb/v7e-m+fp/hard/libg_nano.a(lib_a-puts.o)
                              /home/abhishek/qorc-sdk/fpga-examples2/Assignment6/GCC_Project/output/eoss3_hal_i2s_slave_assp.o (puts)
/usr/lib/gcc/arm-none-eabi/9.2.1/../../../arm-none-eabi/lib/thumb/v7e-m+fp/hard/libg_nano.a(lib_a-sbrkr.o)
[...]
Memory Configuration

Name             Origin             Length             Attributes
rom              0x0000000000000000 0x0000000000027000 xr
ram              0x0000000020027000 0x000000000003c800 xrw
spiram           0x0000000020063800 0x0000000000000800 rw
HWA              0x0000000020064000 0x0000000000018000 rw
shm              0x000000002007c000 0x0000000000004000
*default*        0x0000000000000000 0xffffffffffffffff

Linker script and memory map

LOAD /usr/lib/gcc/arm-none-eabi/9.2.1/thumb/v7e-m+fp/hard/crti.o
LOAD /usr/lib/gcc/arm-none-eabi/9.2.1/thumb/v7e-m+fp/hard/crtbegin.o
LOAD /usr/lib/gcc/arm-none-eabi/9.2.1/../../../arm-none-eabi/lib/thumb/v7e-m+fp/hard/crt0.o
LOAD /home/abhishek/qorc-sdk/fpga-examples2/Assignment6/GCC_Project/output/battery_level_monitor.o
LOAD /home/abhishek/qorc-sdk/fpga-examples2/Assignment6/GCC_Project/output/c_lib_retarget.o
LOAD /home/abhishek/qorc-sdk/fpga-examples2/Assignment6/GCC_Project/output/circularBuffQueue.o
LOAD /home/abhishek/qorc-sdk/fpga-examples2/Assignment6/GCC_Project/output/cli_args.o
LOAD /home/abhishek/qorc-sdk/fpga-examples2/Assignment6/GCC_Project/output/cli_hexdump.o
LOAD /home/abhishek/qorc-sdk/fpga-examples2/Assignment6/GCC_Project/output/cli_io.o
LOAD /home/abhishek/qorc-sdk/fpga-examples2/Assignment6/GCC_Project/output/cli_loop.o
LOAD /home/abhishek/qorc-sdk/fpga-examples2/Assignment6/GCC_Project/output/cli_misc.o
LOAD /home/abhishek/qorc-sdk/fpga-examples2/Assignment6/GCC_Project/output/cli_platform.o
LOAD /home/abhishek/qorc-sdk/fpga-examples2/Assignment6/GCC_Project/output/cli_stdcmds.o
LOAD /home/abhishek/qorc-sdk/fpga-examples2/Assignment6/GCC_Project/output/crc16.o
LOAD /home/abhishek/qorc-sdk/fpga-examples2/Assignment6/GCC_Project/output/crc32.o
LOAD /home/abhishek/qorc-sdk/fpga-examples2/Assignment6/GCC_Project/output/croutine.o
LOAD /home/abhishek/qorc-sdk/fpga-examples2/Assignment6/GCC_Project/output/dbg_bufferedprinttask.o
LOAD /home/abhishek/qorc-sdk/fpga-examples2/Assignment6/GCC_Project/output/dbg_queue_monitor.o
LOAD /home/abhishek/qorc-sdk/fpga-examples2/Assignment6/GCC_Project/output/dbg_uart.o
LOAD /home/abhishek/qorc-sdk/fpga-examples2/Assignment6/GCC_Project/output/dbgtrace.o
LOAD /home/abhishek/qorc-sdk/fpga-examples2/Assignment6/GCC_Project/output/eoss3_hal_adc.o
LOAD /home/abhishek/qorc-sdk/fpga-examples2/Assignment6/GCC_Project/output/eoss3_hal_gpio.o
LOAD /home/abhishek/qorc-sdk/fpga-examples2/Assignment6/GCC_Project/output/eoss3_hal_i2c.o
LOAD /home/abhishek/qorc-sdk/fpga-examples2/Assignment6/GCC_Project/output/eoss3_hal_i2s.o
LOAD /home/abhishek/qorc-sdk/fpga-examples2/Assignment6/GCC_Project/output/eoss3_hal_i2s_slave_assp.o
LOAD /home/abhishek/qorc-sdk/fpga-examples2/Assignment6/GCC_Project/output/eoss3_hal_pad_config.o
LOAD /home/abhishek/qorc-sdk/fpga-examples2/Assignment6/GCC_Project/output/eoss3_hal_pkfb.o
LOAD /home/abhishek/qorc-sdk/fpga-examples2/Assignment6/GCC_Project/output/eoss3_hal_rtc.o
LOAD /home/abhishek/qorc-sdk/fpga-examples2/Assignment6/GCC_Project/output/eoss3_hal_sdma.o
LOAD /home/abhishek/qorc-sdk/fpga-examples2/Assignment6/GCC_Project/output/eoss3_hal_spi.o
LOAD /home/abhishek/qorc-sdk/fpga-examples2/Assignment6/GCC_Project/output/eoss3_hal_timer.o
LOAD /home/abhishek/qorc-sdk/fpga-examples2/Assignment6/GCC_Project/output/eoss3_hal_uart.o
LOAD /home/abhishek/qorc-sdk/fpga-examples2/Assignment6/GCC_Project/output/eoss3_hal_wb.o
LOAD /home/abhishek/qorc-sdk/fpga-examples2/Assignment6/GCC_Project/output/eoss3_hal_wdt.o
LOAD /home/abhishek/qorc-sdk/fpga-examples2/Assignment6/GCC_Project/output/event_groups.o
LOAD /home/abhishek/qorc-sdk/fpga-examples2/Assignment6/GCC_Project/output/exceptions.o
LOAD /home/abhishek/qorc-sdk/fpga-examples2/Assignment6/GCC_Project/output/freertos_static_memory.o
LOAD /home/abhishek/qorc-sdk/fpga-examples2/Assignment6/GCC_Project/output/heap_4.o
LOAD /home/abhishek/qorc-sdk/fpga-examples2/Assignment6/GCC_Project/output/hearable_pwrcfg.o
LOAD /home/abhishek/qorc-sdk/fpga-examples2/Assignment6/GCC_Project/output/leds.o
LOAD /home/abhishek/qorc-sdk/fpga-examples2/Assignment6/GCC_Project/output/list.o
LOAD /home/abhishek/qorc-sdk/fpga-examples2/Assignment6/GCC_Project/output/main.o
LOAD /home/abhishek/qorc-sdk/fpga-examples2/Assignment6/GCC_Project/output/main_dbg_cli_menu.o
LOAD /home/abhishek/qorc-sdk/fpga-examples2/Assignment6/GCC_Project/output/pincfg_table.o
LOAD /home/abhishek/qorc-sdk/fpga-examples2/Assignment6/GCC_Project/output/port.o
LOAD /home/abhishek/qorc-sdk/fpga-examples2/Assignment6/GCC_Project/output/qf_baremetalsetup.o
LOAD /home/abhishek/qorc-sdk/fpga-examples2/Assignment6/GCC_Project/output/qf_hardwaresetup.o
LOAD /home/abhishek/qorc-sdk/fpga-examples2/Assignment6/GCC_Project/output/ql_base64.o
LOAD /home/abhishek/qorc-sdk/fpga-examples2/Assignment6/GCC_Project/output/ql_stackwatermark.o
LOAD /home/abhishek/qorc-sdk/fpga-examples2/Assignment6/GCC_Project/output/ql_test_signals.o
LOAD /home/abhishek/qorc-sdk/fpga-examples2/Assignment6/GCC_Project/output/ql_time.o
LOAD /home/abhishek/qorc-sdk/fpga-examples2/Assignment6/GCC_Project/output/queue.o
LOAD /home/abhishek/qorc-sdk/fpga-examples2/Assignment6/GCC_Project/output/s3x_clock.o
LOAD /home/abhishek/qorc-sdk/fpga-examples2/Assignment6/GCC_Project/output/s3x_clock_hal.o
LOAD /home/abhishek/qorc-sdk/fpga-examples2/Assignment6/GCC_Project/output/s3x_cpuload.o
LOAD /home/abhishek/qorc-sdk/fpga-examples2/Assignment6/GCC_Project/output/s3x_dfs.o
LOAD /home/abhishek/qorc-sdk/fpga-examples2/Assignment6/GCC_Project/output/s3x_lpm.o
LOAD /home/abhishek/qorc-sdk/fpga-examples2/Assignment6/GCC_Project/output/s3x_pi.o
LOAD /home/abhishek/qorc-sdk/fpga-examples2/Assignment6/GCC_Project/output/s3x_pwrcfg.o
LOAD /home/abhishek/qorc-sdk/fpga-examples2/Assignment6/GCC_Project/output/s3x_qos.o
LOAD /home/abhishek/qorc-sdk/fpga-examples2/Assignment6/GCC_Project/output/sec_debug.o
LOAD /home/abhishek/qorc-sdk/fpga-examples2/Assignment6/GCC_Project/output/spi_flash.o
LOAD /home/abhishek/qorc-sdk/fpga-examples2/Assignment6/GCC_Project/output/startup_EOSS3B_GCC.o
LOAD /home/abhishek/qorc-sdk/fpga-examples2/Assignment6/GCC_Project/output/stream_buffer.o
LOAD /home/abhishek/qorc-sdk/fpga-examples2/Assignment6/GCC_Project/output/tasks.o
LOAD /home/abhishek/qorc-sdk/fpga-examples2/Assignment6/GCC_Project/output/timers.o
LOAD /home/abhishek/qorc-sdk/fpga-examples2/Assignment6/GCC_Project/output/vectors_CM4F_gcc.o
LOAD /home/abhishek/qorc-sdk/fpga-examples2/Assignment6/GCC_Project/output/watchdog.o
LOAD /usr/lib/gcc/arm-none-eabi/9.2.1/../../../arm-none-eabi/lib/thumb/v7e-m+fp/hard/libm.a
LOAD /home/abhishek/qorc-sdk//Libraries/CMSIS/lib/GCC/libarm_cortexM4lf_math.a
START GROUP
LOAD /usr/lib/gcc/arm-none-eabi/9.2.1/thumb/v7e-m+fp/hard/libgcc.a
LOAD /usr/lib/gcc/arm-none-eabi/9.2.1/../../../arm-none-eabi/lib/thumb/v7e-m+fp/hard/libg_nano.a
LOAD /usr/lib/gcc/arm-none-eabi/9.2.1/../../../arm-none-eabi/lib/thumb/v7e-m+fp/hard/libc_nano.a
END GROUP
START GROUP
LOAD /usr/lib/gcc/arm-none-eabi/9.2.1/thumb/v7e-m+fp/hard/libgcc.a
LOAD /usr/lib/gcc/arm-none-eabi/9.2.1/../../../arm-none-eabi/lib/thumb/v7e-m+fp/hard/libc_nano.a
LOAD /usr/lib/gcc/arm-none-eabi/9.2.1/../../../arm-none-eabi/lib/thumb/v7e-m+fp/hard/libnosys.a
END GROUP
START GROUP
LOAD /usr/lib/gcc/arm-none-eabi/9.2.1/thumb/v7e-m+fp/hard/libgcc.a
LOAD /usr/lib/gcc/arm-none-eabi/9.2.1/../../../arm-none-eabi/lib/thumb/v7e-m+fp/hard/libc_nano.a
LOAD /usr/lib/gcc/arm-none-eabi/9.2.1/../../../arm-none-eabi/lib/thumb/v7e-m+fp/hard/libnosys.a
END GROUP
LOAD /usr/lib/gcc/arm-none-eabi/9.2.1/thumb/v7e-m+fp/hard/crtend.o
LOAD /usr/lib/gcc/arm-none-eabi/9.2.1/thumb/v7e-m+fp/hard/crtn.o

.text           0x0000000000000000     0x8965
 *(.isr_vector)
 .isr_vector    0x0000000000000000      0x124 /home/abhishek/qorc-sdk/fpga-examples2/Assignment6/GCC_Project/output/vectors_CM4F_gcc.o
                0x0000000000000000                __Vectors
 *(.text*)
 .text          0x0000000000000124       0x88 /usr/lib/gcc/arm-none-eabi/9.2.1/thumb/v7e-m+fp/hard/crtbegin.o
 .text          0x00000000000001ac       0x70 /usr/lib/gcc/arm-none-eabi/9.2.1/../../../arm-none-eabi/lib/thumb/v7e-m+fp/hard/crt0.o
                0x00000000000001ac                _stack_init
                0x00000000000001b4                _mainCRTStartup
                0x00000000000001b4                _start
 .text._write   0x000000000000021c        0xe /home/abhishek/qorc-sdk/fpga-examples2/Assignment6/GCC_Project/output/c_lib_retarget.o
                0x000000000000021c                _write
 .text._close   0x000000000000022a        0x6 /home/abhishek/qorc-sdk/fpga-examples2/Assignment6/GCC_Project/output/c_lib_retarget.o
                0x000000000000022a                _close
 .text._lseek   0x0000000000000230        0x4 /home/abhishek/qorc-sdk/fpga-examples2/Assignment6/GCC_Project/output/c_lib_retarget.o
                0x0000000000000230                _lseek
 .text._read    0x0000000000000234        0x4 /home/abhishek/qorc-sdk/fpga-examples2/Assignment6/GCC_Project/output/c_lib_retarget.o
                0x0000000000000234                _read
 .text.do_str_fetch
                0x0000000000000238       0x38 /home/abhishek/qorc-sdk/fpga-examples2/Assignment6/GCC_Project/output/cli_args.o
 .text.CLI_string_ptr_get_subcmd
                0x0000000000000270       0x20 /home/abhishek/qorc-sdk/fpga-examples2/Assignment6/GCC_Project/output/cli_args.o
                0x0000000000000270                CLI_string_ptr_get_subcmd
 .text.CLI_numX_getshow_X
                0x0000000000000290      0x188 /home/abhishek/qorc-sdk/fpga-examples2/Assignment6/GCC_Project/output/cli_args.o
                0x0000000000000290                CLI_numX_getshow_X
 .text.CLI_uint8_getshow
                0x0000000000000418        0x8 /home/abhishek/qorc-sdk/fpga-examples2/Assignment6/GCC_Project/output/cli_args.o
                0x0000000000000418                CLI_uint8_getshow
 .text.append_key
                0x0000000000000420       0x30 /home/abhishek/qorc-sdk/fpga-examples2/Assignment6/GCC_Project/output/cli_io.o
 .text.get_key_ignore_null
                0x0000000000000450       0x18 /home/abhishek/qorc-sdk/fpga-examples2/Assignment6/GCC_Project/output/cli_io.o
 .text.CLI_getkey_peek
                0x0000000000000468      0x110 /home/abhishek/qorc-sdk/fpga-examples2/Assignment6/GCC_Project/output/cli_io.o
                0x0000000000000468                CLI_getkey_peek
 .text.CLI_getkey
                0x0000000000000578       0x30 /home/abhishek/qorc-sdk/fpga-examples2/Assignment6/GCC_Project/output/cli_io.o
                0x0000000000000578                CLI_getkey
 .text.CLI_col0_timestamp
                0x00000000000005a8       0x78 /home/abhishek/qorc-sdk/fpga-examples2/Assignment6/GCC_Project/output/cli_io.o
                0x00000000000005a8                CLI_col0_timestamp
 .text.CLI_putc
                0x0000000000000620       0x4c /home/abhishek/qorc-sdk/fpga-examples2/Assignment6/GCC_Project/output/cli_io.o
                0x0000000000000620                CLI_putc
 .text.CLI_puts_no_nl
                0x000000000000066c       0x12 /home/abhishek/qorc-sdk/fpga-examples2/Assignment6/GCC_Project/output/cli_io.o
                0x000000000000066c                CLI_puts_no_nl
 *fill*         0x000000000000067e        0x2 
 .text.CLI_vprintf
                0x0000000000000680       0x24 /home/abhishek/qorc-sdk/fpga-examples2/Assignment6/GCC_Project/output/cli_io.o
                0x0000000000000680                CLI_vprintf
 .text.CLI_printf
                0x00000000000006a4       0x1a /home/abhishek/qorc-sdk/fpga-examples2/Assignment6/GCC_Project/output/cli_io.o
                0x00000000000006a4                CLI_printf
 *fill*         0x00000000000006be        0x2 
 .text.handle_help
                0x00000000000006c0       0xc4 /home/abhishek/qorc-sdk/fpga-examples2/Assignment6/GCC_Project/output/cli_loop.o
 .text.CLI_cmd_stack_replace
                0x0000000000000784       0x10 /home/abhishek/qorc-sdk/fpga-examples2/Assignment6/GCC_Project/output/cli_loop.o
                0x0000000000000784                CLI_cmd_stack_replace
 .text.CLI_cmd_stack_push
                0x0000000000000794       0x30 /home/abhishek/qorc-sdk/fpga-examples2/Assignment6/GCC_Project/output/cli_loop.o
                0x0000000000000794                CLI_cmd_stack_push
 .text.CLI_cmd_stack_clear
                0x00000000000007c4       0x24 /home/abhishek/qorc-sdk/fpga-examples2/Assignment6/GCC_Project/output/cli_loop.o
                0x00000000000007c4                CLI_cmd_stack_clear
 .text.CLI_cmd_stack_pop
                0x00000000000007e8       0x40 /home/abhishek/qorc-sdk/fpga-examples2/Assignment6/GCC_Project/output/cli_loop.o
                0x00000000000007e8                CLI_cmd_stack_pop
 .text.handle_exit
                0x0000000000000828       0x1c /home/abhishek/qorc-sdk/fpga-examples2/Assignment6/GCC_Project/output/cli_loop.o
 .text.CLI_init
                0x0000000000000844       0x24 /home/abhishek/qorc-sdk/fpga-examples2/Assignment6/GCC_Project/output/cli_loop.o
                0x0000000000000844                CLI_init
 .text.CLI_print_prompt
                0x0000000000000868       0x44 /home/abhishek/qorc-sdk/fpga-examples2/Assignment6/GCC_Project/output/cli_loop.o
                0x0000000000000868                CLI_print_prompt
 .text.CLI_dispatch_subcmd
                0x00000000000008ac       0x84 /home/abhishek/qorc-sdk/fpga-examples2/Assignment6/GCC_Project/output/cli_loop.o
                0x00000000000008ac                CLI_dispatch_subcmd
 .text.CLI_dispatch
                0x0000000000000930       0xc0 /home/abhishek/qorc-sdk/fpga-examples2/Assignment6/GCC_Project/output/cli_loop.o
 .text.CLI_submenu_handler
                0x00000000000009f0       0x30 /home/abhishek/qorc-sdk/fpga-examples2/Assignment6/GCC_Project/output/cli_loop.o
                0x00000000000009f0                CLI_submenu_handler
 .text.CLI_verror
                0x0000000000000a20       0x40 /home/abhishek/qorc-sdk/fpga-examples2/Assignment6/GCC_Project/output/cli_loop.o
                0x0000000000000a20                CLI_verror
 .text.CLI_rx_byte
                0x0000000000000a60       0xec /home/abhishek/qorc-sdk/fpga-examples2/Assignment6/GCC_Project/output/cli_loop.o
                0x0000000000000a60                CLI_rx_byte
 .text.CLI_is_more_args
                0x0000000000000b4c       0x14 /home/abhishek/qorc-sdk/fpga-examples2/Assignment6/GCC_Project/output/cli_misc.o
                0x0000000000000b4c                CLI_is_more_args
 .text.CLI_error
                0x0000000000000b60       0x1a /home/abhishek/qorc-sdk/fpga-examples2/Assignment6/GCC_Project/output/cli_misc.o
                0x0000000000000b60                CLI_error
 *fill*         0x0000000000000b7a        0x2 
 .text.CLI_error_missing_parameter
                0x0000000000000b7c        0xc /home/abhishek/qorc-sdk/fpga-examples2/Assignment6/GCC_Project/output/cli_misc.o
                0x0000000000000b7c                CLI_error_missing_parameter
 .text.CLI_error_not_a_number
                0x0000000000000b88       0x10 /home/abhishek/qorc-sdk/fpga-examples2/Assignment6/GCC_Project/output/cli_misc.o
                0x0000000000000b88                CLI_error_not_a_number
 .text.CLI_task
                0x0000000000000b98       0x54 /home/abhishek/qorc-sdk/fpga-examples2/Assignment6/GCC_Project/output/cli_platform.o
                0x0000000000000b98                CLI_task
 .text.CLI_time_now
                0x0000000000000bec        0x4 /home/abhishek/qorc-sdk/fpga-examples2/Assignment6/GCC_Project/output/cli_platform.o
                0x0000000000000bec                CLI_time_now
 .text.CLI_beep
                0x0000000000000bf0        0x6 /home/abhishek/qorc-sdk/fpga-examples2/Assignment6/GCC_Project/output/cli_platform.o
                0x0000000000000bf0                CLI_beep
 .text.CLI_timeout_expired
                0x0000000000000bf6       0x22 /home/abhishek/qorc-sdk/fpga-examples2/Assignment6/GCC_Project/output/cli_platform.o
                0x0000000000000bf6                CLI_timeout_expired
 .text.CLI_putc_raw
                0x0000000000000c18        0x8 /home/abhishek/qorc-sdk/fpga-examples2/Assignment6/GCC_Project/output/cli_platform.o
                0x0000000000000c18                CLI_putc_raw
 .text.CLI_getkey_raw
                0x0000000000000c20       0x3c /home/abhishek/qorc-sdk/fpga-examples2/Assignment6/GCC_Project/output/cli_platform.o
                0x0000000000000c20                CLI_getkey_raw
 .text.CLI_start_task
                0x0000000000000c5c       0x58 /home/abhishek/qorc-sdk/fpga-examples2/Assignment6/GCC_Project/output/cli_platform.o
                0x0000000000000c5c                CLI_start_task
 .text.__debug_lockup
                0x0000000000000cb4       0x14 /home/abhishek/qorc-sdk/fpga-examples2/Assignment6/GCC_Project/output/dbg_uart.o
 .text._semihost_write
                0x0000000000000cc8       0x54 /home/abhishek/qorc-sdk/fpga-examples2/Assignment6/GCC_Project/output/dbg_uart.o
                0x0000000000000cc8                _semihost_write
 .text.dbg_ch_raw
                0x0000000000000d1c       0x74 /home/abhishek/qorc-sdk/fpga-examples2/Assignment6/GCC_Project/output/dbg_uart.o
                0x0000000000000d1c                dbg_ch_raw
 .text.dbg_nl   0x0000000000000d90       0x12 /home/abhishek/qorc-sdk/fpga-examples2/Assignment6/GCC_Project/output/dbg_uart.o
                0x0000000000000d90                dbg_nl
 .text.dbg_ch   0x0000000000000da2        0xc /home/abhishek/qorc-sdk/fpga-examples2/Assignment6/GCC_Project/output/dbg_uart.o
                0x0000000000000da2                dbg_ch
 .text.dbg_hex4
                0x0000000000000dae       0x14 /home/abhishek/qorc-sdk/fpga-examples2/Assignment6/GCC_Project/output/dbg_uart.o
 .text.dbg_hex8
                0x0000000000000dc2       0x14 /home/abhishek/qorc-sdk/fpga-examples2/Assignment6/GCC_Project/output/dbg_uart.o
                0x0000000000000dc2                dbg_hex8
 .text.dbg_hex16
                0x0000000000000dd6       0x14 /home/abhishek/qorc-sdk/fpga-examples2/Assignment6/GCC_Project/output/dbg_uart.o
                0x0000000000000dd6                dbg_hex16
 .text.dbg_hex32
                0x0000000000000dea       0x14 /home/abhishek/qorc-sdk/fpga-examples2/Assignment6/GCC_Project/output/dbg_uart.o
                0x0000000000000dea                dbg_hex32
 .text._dbg_int
                0x0000000000000dfe       0x20 /home/abhishek/qorc-sdk/fpga-examples2/Assignment6/GCC_Project/output/dbg_uart.o
 .text.dbg_memdumpx
                0x0000000000000e1e       0xea /home/abhishek/qorc-sdk/fpga-examples2/Assignment6/GCC_Project/output/dbg_uart.o
 .text.dbg_str  0x0000000000000f08       0x84 /home/abhishek/qorc-sdk/fpga-examples2/Assignment6/GCC_Project/output/dbg_uart.o
                0x0000000000000f08                dbg_str
 .text._dbg_str_xxx
                0x0000000000000f8c       0x16 /home/abhishek/qorc-sdk/fpga-examples2/Assignment6/GCC_Project/output/dbg_uart.o
 .text.dbg_str_hexXX
                0x0000000000000fa2       0x22 /home/abhishek/qorc-sdk/fpga-examples2/Assignment6/GCC_Project/output/dbg_uart.o
 .text.dbg_int  0x0000000000000fc4       0x24 /home/abhishek/qorc-sdk/fpga-examples2/Assignment6/GCC_Project/output/dbg_uart.o
                0x0000000000000fc4                dbg_int
 .text.dbg_str_str
                0x0000000000000fe8       0x16 /home/abhishek/qorc-sdk/fpga-examples2/Assignment6/GCC_Project/output/dbg_uart.o
                0x0000000000000fe8                dbg_str_str
 .text.dbg_str_int
                0x0000000000000ffe       0x16 /home/abhishek/qorc-sdk/fpga-examples2/Assignment6/GCC_Project/output/dbg_uart.o
                0x0000000000000ffe                dbg_str_int
 .text.dbg_str_hex32
                0x0000000000001014        0xc /home/abhishek/qorc-sdk/fpga-examples2/Assignment6/GCC_Project/output/dbg_uart.o
                0x0000000000001014                dbg_str_hex32
 .text.dbg_fatal_error
                0x0000000000001020       0x12 /home/abhishek/qorc-sdk/fpga-examples2/Assignment6/GCC_Project/output/dbg_uart.o
                0x0000000000001020                dbg_fatal_error
 .text.dbg_fatal_error_int
                0x0000000000001032        0xe /home/abhishek/qorc-sdk/fpga-examples2/Assignment6/GCC_Project/output/dbg_uart.o
                0x0000000000001032                dbg_fatal_error_int
 .text.dbg_memdump32
                0x0000000000001040       0x1e /home/abhishek/qorc-sdk/fpga-examples2/Assignment6/GCC_Project/output/dbg_uart.o
                0x0000000000001040                dbg_memdump32
 *fill*         0x000000000000105e        0x2 
 .text.HAL_PAD_Config
                0x0000000000001060      0x190 /home/abhishek/qorc-sdk/fpga-examples2/Assignment6/GCC_Project/output/eoss3_hal_pad_config.o
                0x0000000000001060                HAL_PAD_Config
 .text.configure_s3_pads
                0x00000000000011f0       0x1a /home/abhishek/qorc-sdk/fpga-examples2/Assignment6/GCC_Project/output/eoss3_hal_pad_config.o
                0x00000000000011f0                configure_s3_pads
 *fill*         0x000000000000120a        0x2 
 .text.eoss3_rtc_enable_irq
                0x000000000000120c       0x28 /home/abhishek/qorc-sdk/fpga-examples2/Assignment6/GCC_Project/output/eoss3_hal_rtc.o
 .text.write_rtc_reg
                0x0000000000001234       0x18 /home/abhishek/qorc-sdk/fpga-examples2/Assignment6/GCC_Project/output/eoss3_hal_rtc.o
 .text.__rtc_setup_alarm.isra.0
                0x000000000000124c       0x44 /home/abhishek/qorc-sdk/fpga-examples2/Assignment6/GCC_Project/output/eoss3_hal_rtc.o
 .text.HAL_RTC_ISR
                0x0000000000001290       0x24 /home/abhishek/qorc-sdk/fpga-examples2/Assignment6/GCC_Project/output/eoss3_hal_rtc.o
                0x0000000000001290                HAL_RTC_ISR
 .text.unlock_spi1_bus
                0x00000000000012b4       0x58 /home/abhishek/qorc-sdk/fpga-examples2/Assignment6/GCC_Project/output/eoss3_hal_spi.o
                0x00000000000012b4                unlock_spi1_bus
 .text.SPI_DMA_Complete
                0x000000000000130c       0x88 /home/abhishek/qorc-sdk/fpga-examples2/Assignment6/GCC_Project/output/eoss3_hal_spi.o
                0x000000000000130c                SPI_DMA_Complete
 .text.HAL_SPI_IRQHandler
                0x0000000000001394       0x6c /home/abhishek/qorc-sdk/fpga-examples2/Assignment6/GCC_Project/output/eoss3_hal_spi.o
                0x0000000000001394                HAL_SPI_IRQHandler
 .text.HAL_Delay_Init
                0x0000000000001400       0x54 /home/abhishek/qorc-sdk/fpga-examples2/Assignment6/GCC_Project/output/eoss3_hal_timer.o
                0x0000000000001400                HAL_Delay_Init
 .text.HAL_Timer_ISR
                0x0000000000001454       0x88 /home/abhishek/qorc-sdk/fpga-examples2/Assignment6/GCC_Project/output/eoss3_hal_timer.o
                0x0000000000001454                HAL_Timer_ISR
 .text.uart_disable_irqs
                0x00000000000014dc       0x18 /home/abhishek/qorc-sdk/fpga-examples2/Assignment6/GCC_Project/output/eoss3_hal_uart.o
 .text.uart_baud_rate
                0x00000000000014f4       0x60 /home/abhishek/qorc-sdk/fpga-examples2/Assignment6/GCC_Project/output/eoss3_hal_uart.o
 .text.is_hw_uart_enabled
                0x0000000000001554       0x20 /home/abhishek/qorc-sdk/fpga-examples2/Assignment6/GCC_Project/output/eoss3_hal_uart.o
 .text.uart_lpm_callback
                0x0000000000001574       0x74 /home/abhishek/qorc-sdk/fpga-examples2/Assignment6/GCC_Project/output/eoss3_hal_uart.o
 .text.uart_init
                0x00000000000015e8      0x164 /home/abhishek/qorc-sdk/fpga-examples2/Assignment6/GCC_Project/output/eoss3_hal_uart.o
                0x00000000000015e8                uart_init
 .text.uart_isr_handler
                0x000000000000174c       0x90 /home/abhishek/qorc-sdk/fpga-examples2/Assignment6/GCC_Project/output/eoss3_hal_uart.o
                0x000000000000174c                uart_isr_handler
 .text.uart_tx_raw
                0x00000000000017dc       0x38 /home/abhishek/qorc-sdk/fpga-examples2/Assignment6/GCC_Project/output/eoss3_hal_uart.o
                0x00000000000017dc                uart_tx_raw
 .text.uart_tx  0x0000000000001814       0x1c /home/abhishek/qorc-sdk/fpga-examples2/Assignment6/GCC_Project/output/eoss3_hal_uart.o
                0x0000000000001814                uart_tx
 .text.uart_tx_buf
                0x0000000000001830       0x1a /home/abhishek/qorc-sdk/fpga-examples2/Assignment6/GCC_Project/output/eoss3_hal_uart.o
                0x0000000000001830                uart_tx_buf
 *fill*         0x000000000000184a        0x2 
 .text.uart_rx_wait
                0x000000000000184c       0x34 /home/abhishek/qorc-sdk/fpga-examples2/Assignment6/GCC_Project/output/eoss3_hal_uart.o
                0x000000000000184c                uart_rx_wait
 .text.uart_rx_available
                0x0000000000001880       0x34 /home/abhishek/qorc-sdk/fpga-examples2/Assignment6/GCC_Project/output/eoss3_hal_uart.o
                0x0000000000001880                uart_rx_available
 .text.uart_rx  0x00000000000018b4       0x60 /home/abhishek/qorc-sdk/fpga-examples2/Assignment6/GCC_Project/output/eoss3_hal_uart.o
                0x00000000000018b4                uart_rx
 .text.WDT_ISR  0x0000000000001914       0x8c /home/abhishek/qorc-sdk/fpga-examples2/Assignment6/GCC_Project/output/eoss3_hal_wdt.o
                0x0000000000001914                WDT_ISR
 .text.spurious_interrupt
                0x00000000000019a0        0xc /home/abhishek/qorc-sdk/fpga-examples2/Assignment6/GCC_Project/output/exceptions.o
 .text.prvGetRegistersFromStack
                0x00000000000019ac       0xf0 /home/abhishek/qorc-sdk/fpga-examples2/Assignment6/GCC_Project/output/exceptions.o
                0x00000000000019ac                prvGetRegistersFromStack
 .text.HardFault_Handler
                0x0000000000001a9c       0x16 /home/abhishek/qorc-sdk/fpga-examples2/Assignment6/GCC_Project/output/exceptions.o
                0x0000000000001a9c                HardFault_Handler
 .text.NMI_Handler
                0x0000000000001ab2        0x6 /home/abhishek/qorc-sdk/fpga-examples2/Assignment6/GCC_Project/output/exceptions.o
                0x0000000000001ab2                NMI_Handler
 .text.MemManage_Handler
                0x0000000000001ab8        0x6 /home/abhishek/qorc-sdk/fpga-examples2/Assignment6/GCC_Project/output/exceptions.o
                0x0000000000001ab8                MemManage_Handler
 .text.BusFault_Handler
                0x0000000000001abe        0x6 /home/abhishek/qorc-sdk/fpga-examples2/Assignment6/GCC_Project/output/exceptions.o
                0x0000000000001abe                BusFault_Handler
 .text.UsageFault_Handler
                0x0000000000001ac4        0x6 /home/abhishek/qorc-sdk/fpga-examples2/Assignment6/GCC_Project/output/exceptions.o
                0x0000000000001ac4                UsageFault_Handler
 .text.DebugMon_Handler
                0x0000000000001aca        0x6 /home/abhishek/qorc-sdk/fpga-examples2/Assignment6/GCC_Project/output/exceptions.o
                0x0000000000001aca                DebugMon_Handler
 .text.Uart_Handler
                0x0000000000001ad0       0x50 /home/abhishek/qorc-sdk/fpga-examples2/Assignment6/GCC_Project/output/exceptions.o
                0x0000000000001ad0                Uart_Handler
 .text.Timer_Handler
                0x0000000000001b20       0x24 /home/abhishek/qorc-sdk/fpga-examples2/Assignment6/GCC_Project/output/exceptions.o
                0x0000000000001b20                Timer_Handler
 .text.CpuWdtInt_Handler
                0x0000000000001b44       0x24 /home/abhishek/qorc-sdk/fpga-examples2/Assignment6/GCC_Project/output/exceptions.o
                0x0000000000001b44                CpuWdtInt_Handler
 .text.CpuWdtRst_Handler
                0x0000000000001b68        0x6 /home/abhishek/qorc-sdk/fpga-examples2/Assignment6/GCC_Project/output/exceptions.o
                0x0000000000001b68                CpuWdtRst_Handler
 .text.BusTimeout_Handler
                0x0000000000001b6e        0x6 /home/abhishek/qorc-sdk/fpga-examples2/Assignment6/GCC_Project/output/exceptions.o
                0x0000000000001b6e                BusTimeout_Handler
 .text.Fpu_Handler
                0x0000000000001b74        0x6 /home/abhishek/qorc-sdk/fpga-examples2/Assignment6/GCC_Project/output/exceptions.o
                0x0000000000001b74                Fpu_Handler
 *fill*         0x0000000000001b7a        0x2 
 .text.Pkfb_Handler
                0x0000000000001b7c       0x10 /home/abhishek/qorc-sdk/fpga-examples2/Assignment6/GCC_Project/output/exceptions.o
                0x0000000000001b7c                Pkfb_Handler
 .text.I2s_Handler
                0x0000000000001b8c        0x6 /home/abhishek/qorc-sdk/fpga-examples2/Assignment6/GCC_Project/output/exceptions.o
                0x0000000000001b8c                I2s_Handler
 .text.Audio_Handler
                0x0000000000001b92        0x6 /home/abhishek/qorc-sdk/fpga-examples2/Assignment6/GCC_Project/output/exceptions.o
                0x0000000000001b92                Audio_Handler
 .text.SpiMs_Handler
                0x0000000000001b98       0x5c /home/abhishek/qorc-sdk/fpga-examples2/Assignment6/GCC_Project/output/exceptions.o
                0x0000000000001b98                SpiMs_Handler
 .text.CfgDma_Handler
                0x0000000000001bf4       0x28 /home/abhishek/qorc-sdk/fpga-examples2/Assignment6/GCC_Project/output/exceptions.o
                0x0000000000001bf4                CfgDma_Handler
 .text.PmuTimer_Handler
                0x0000000000001c1c        0x2 /home/abhishek/qorc-sdk/fpga-examples2/Assignment6/GCC_Project/output/exceptions.o
                0x0000000000001c1c                PmuTimer_Handler
 .text.AdcDone_Handler
                0x0000000000001c1e        0x8 /home/abhishek/qorc-sdk/fpga-examples2/Assignment6/GCC_Project/output/exceptions.o
                0x0000000000001c1e                AdcDone_Handler
 *fill*         0x0000000000001c26        0x2 
 .text.RtcAlarm_Handler
                0x0000000000001c28       0x1c /home/abhishek/qorc-sdk/fpga-examples2/Assignment6/GCC_Project/output/exceptions.o
                0x0000000000001c28                RtcAlarm_Handler
 .text.ResetInt_Handler
                0x0000000000001c44        0x8 /home/abhishek/qorc-sdk/fpga-examples2/Assignment6/GCC_Project/output/exceptions.o
                0x0000000000001c44                ResetInt_Handler
 .text.Ffe0_Handler
                0x0000000000001c4c       0x18 /home/abhishek/qorc-sdk/fpga-examples2/Assignment6/GCC_Project/output/exceptions.o
                0x0000000000001c4c                Ffe0_Handler
 .text.FbMsg_Handler
                0x0000000000001c64       0x6c /home/abhishek/qorc-sdk/fpga-examples2/Assignment6/GCC_Project/output/exceptions.o
                0x0000000000001c64                FbMsg_Handler
 .text.SensorGpio_Handler
                0x0000000000001cd0        0x8 /home/abhishek/qorc-sdk/fpga-examples2/Assignment6/GCC_Project/output/exceptions.o
                0x0000000000001cd0                SensorGpio_Handler
 .text.M4SramSleep_Handler
                0x0000000000001cd8        0x8 /home/abhishek/qorc-sdk/fpga-examples2/Assignment6/GCC_Project/output/exceptions.o
                0x0000000000001cd8                M4SramSleep_Handler
 .text.LDO30_PG_Handler
                0x0000000000001ce0        0x8 /home/abhishek/qorc-sdk/fpga-examples2/Assignment6/GCC_Project/output/exceptions.o
                0x0000000000001ce0                LDO30_PG_Handler
 .text.LDO50_PG_Handler
                0x0000000000001ce8        0x8 /home/abhishek/qorc-sdk/fpga-examples2/Assignment6/GCC_Project/output/exceptions.o
                0x0000000000001ce8                LDO50_PG_Handler
 .text.DMIC_Voice_Det_Handler
                0x0000000000001cf0        0x8 /home/abhishek/qorc-sdk/fpga-examples2/Assignment6/GCC_Project/output/exceptions.o
                0x0000000000001cf0                DMIC_Voice_Det_Handler
 .text.ApPDMClkOn_Handler
                0x0000000000001cf8        0x8 /home/abhishek/qorc-sdk/fpga-examples2/Assignment6/GCC_Project/output/exceptions.o
                0x0000000000001cf8                ApPDMClkOn_Handler
 .text.ApPDMClkOff_Handler
                0x0000000000001d00        0x8 /home/abhishek/qorc-sdk/fpga-examples2/Assignment6/GCC_Project/output/exceptions.o
                0x0000000000001d00                ApPDMClkOff_Handler
 .text.Dmac0BlkDone_Handler
                0x0000000000001d08        0x8 /home/abhishek/qorc-sdk/fpga-examples2/Assignment6/GCC_Project/output/exceptions.o
                0x0000000000001d08                Dmac0BlkDone_Handler
 .text.Dmac0BufDone_Handler
                0x0000000000001d10        0x8 /home/abhishek/qorc-sdk/fpga-examples2/Assignment6/GCC_Project/output/exceptions.o
                0x0000000000001d10                Dmac0BufDone_Handler
 .text.Dmac1BlkDone_Handler
                0x0000000000001d18        0x8 /home/abhishek/qorc-sdk/fpga-examples2/Assignment6/GCC_Project/output/exceptions.o
                0x0000000000001d18                Dmac1BlkDone_Handler
 .text.Dmac1BufDone_Handler
                0x0000000000001d20        0x8 /home/abhishek/qorc-sdk/fpga-examples2/Assignment6/GCC_Project/output/exceptions.o
                0x0000000000001d20                Dmac1BufDone_Handler
 .text.Sdma0Done_Handler
                0x0000000000001d28        0x8 /home/abhishek/qorc-sdk/fpga-examples2/Assignment6/GCC_Project/output/exceptions.o
                0x0000000000001d28                Sdma0Done_Handler
 .text.Sdma1Done_Handler
                0x0000000000001d30        0x8 /home/abhishek/qorc-sdk/fpga-examples2/Assignment6/GCC_Project/output/exceptions.o
                0x0000000000001d30                Sdma1Done_Handler
 .text.Sdma2Done_Handler
                0x0000000000001d38        0x8 /home/abhishek/qorc-sdk/fpga-examples2/Assignment6/GCC_Project/output/exceptions.o
                0x0000000000001d38                Sdma2Done_Handler
 .text.Sdma3Done_Handler
                0x0000000000001d40        0x8 /home/abhishek/qorc-sdk/fpga-examples2/Assignment6/GCC_Project/output/exceptions.o
                0x0000000000001d40                Sdma3Done_Handler
 .text.Sdma4Done_Handler
                0x0000000000001d48        0x8 /home/abhishek/qorc-sdk/fpga-examples2/Assignment6/GCC_Project/output/exceptions.o
                0x0000000000001d48                Sdma4Done_Handler
 .text.Sdma5Done_Handler
                0x0000000000001d50        0x8 /home/abhishek/qorc-sdk/fpga-examples2/Assignment6/GCC_Project/output/exceptions.o
                0x0000000000001d50                Sdma5Done_Handler
 .text.Sdma6Done_Handler
                0x0000000000001d58        0x8 /home/abhishek/qorc-sdk/fpga-examples2/Assignment6/GCC_Project/output/exceptions.o
                0x0000000000001d58                Sdma6Done_Handler
 .text.Sdma7Done_Handler
                0x0000000000001d60        0x8 /home/abhishek/qorc-sdk/fpga-examples2/Assignment6/GCC_Project/output/exceptions.o
                0x0000000000001d60                Sdma7Done_Handler
 .text.Sdma8Done_Handler
                0x0000000000001d68        0x8 /home/abhishek/qorc-sdk/fpga-examples2/Assignment6/GCC_Project/output/exceptions.o
                0x0000000000001d68                Sdma8Done_Handler
 .text.Sdma9Done_Handler
                0x0000000000001d70        0x8 /home/abhishek/qorc-sdk/fpga-examples2/Assignment6/GCC_Project/output/exceptions.o
                0x0000000000001d70                Sdma9Done_Handler
 .text.Sdma10Done_Handler
                0x0000000000001d78        0x8 /home/abhishek/qorc-sdk/fpga-examples2/Assignment6/GCC_Project/output/exceptions.o
                0x0000000000001d78                Sdma10Done_Handler
 .text.Sdma11Done_Handler
                0x0000000000001d80        0x8 /home/abhishek/qorc-sdk/fpga-examples2/Assignment6/GCC_Project/output/exceptions.o
                0x0000000000001d80                Sdma11Done_Handler
 .text.SdmaErr_Handler
                0x0000000000001d88        0x8 /home/abhishek/qorc-sdk/fpga-examples2/Assignment6/GCC_Project/output/exceptions.o
                0x0000000000001d88                SdmaErr_Handler
 .text.I2S_SlvM4TxOr_Handler
                0x0000000000001d90        0x8 /home/abhishek/qorc-sdk/fpga-examples2/Assignment6/GCC_Project/output/exceptions.o
                0x0000000000001d90                I2S_SlvM4TxOr_Handler
 .text.SRAM_128KB_Handler
                0x0000000000001d98        0x8 /home/abhishek/qorc-sdk/fpga-examples2/Assignment6/GCC_Project/output/exceptions.o
                0x0000000000001d98                SRAM_128KB_Handler
 .text.LPSD_Voice_Det_Handler
                0x0000000000001da0        0x8 /home/abhishek/qorc-sdk/fpga-examples2/Assignment6/GCC_Project/output/exceptions.o
                0x0000000000001da0                LPSD_Voice_Det_Handler
 .text.FfeWdt_Handler
                0x0000000000001da8        0x8 /home/abhishek/qorc-sdk/fpga-examples2/Assignment6/GCC_Project/output/exceptions.o
                0x0000000000001da8                FfeWdt_Handler
 .text.ApBoot_Handler
                0x0000000000001db0        0x8 /home/abhishek/qorc-sdk/fpga-examples2/Assignment6/GCC_Project/output/exceptions.o
                0x0000000000001db0                ApBoot_Handler
 .text.SwInt2_Handler
                0x0000000000001db8        0x8 /home/abhishek/qorc-sdk/fpga-examples2/Assignment6/GCC_Project/output/exceptions.o
                0x0000000000001db8                SwInt2_Handler
 .text.SwInt1_Handler
                0x0000000000001dc0       0x24 /home/abhishek/qorc-sdk/fpga-examples2/Assignment6/GCC_Project/output/exceptions.o
                0x0000000000001dc0                SwInt1_Handler
 .text.Ffe0Msg_Handler
                0x0000000000001de4        0x8 /home/abhishek/qorc-sdk/fpga-examples2/Assignment6/GCC_Project/output/exceptions.o
                0x0000000000001de4                Ffe0Msg_Handler
 .text.lpsdVoiceOffHandler
                0x0000000000001dec        0x8 /home/abhishek/qorc-sdk/fpga-examples2/Assignment6/GCC_Project/output/exceptions.o
                0x0000000000001dec                lpsdVoiceOffHandler
 .text.dmicVoiceOffHandler
                0x0000000000001df4        0x8 /home/abhishek/qorc-sdk/fpga-examples2/Assignment6/GCC_Project/output/exceptions.o
                0x0000000000001df4                dmicVoiceOffHandler
 .text.vApplicationMallocFailedHook
                0x0000000000001dfc       0x24 /home/abhishek/qorc-sdk/fpga-examples2/Assignment6/GCC_Project/output/exceptions.o
                0x0000000000001dfc                vApplicationMallocFailedHook
 .text.vApplicationStackOverflowHook
                0x0000000000001e20       0x24 /home/abhishek/qorc-sdk/fpga-examples2/Assignment6/GCC_Project/output/exceptions.o
                0x0000000000001e20                vApplicationStackOverflowHook
 .text.vApplicationTickHook
                0x0000000000001e44        0x2 /home/abhishek/qorc-sdk/fpga-examples2/Assignment6/GCC_Project/output/exceptions.o
                0x0000000000001e44                vApplicationTickHook
 *fill*         0x0000000000001e46        0x2 
 .text.prvInsertBlockIntoFreeList
                0x0000000000001e48       0x74 /home/abhishek/qorc-sdk/fpga-examples2/Assignment6/GCC_Project/output/heap_4.o
 .text.pvPortMalloc
                0x0000000000001ebc      0x198 /home/abhishek/qorc-sdk/fpga-examples2/Assignment6/GCC_Project/output/heap_4.o
                0x0000000000001ebc                pvPortMalloc
 .text.vPortFree
                0x0000000000002054       0xa0 /home/abhishek/qorc-sdk/fpga-examples2/Assignment6/GCC_Project/output/heap_4.o
                0x0000000000002054                vPortFree
 .text.vListInitialise
                0x00000000000020f4       0x16 /home/abhishek/qorc-sdk/fpga-examples2/Assignment6/GCC_Project/output/list.o
                0x00000000000020f4                vListInitialise
 .text.vListInitialiseItem
                0x000000000000210a        0x6 /home/abhishek/qorc-sdk/fpga-examples2/Assignment6/GCC_Project/output/list.o
                0x000000000000210a                vListInitialiseItem
 .text.vListInsertEnd
                0x0000000000002110       0x18 /home/abhishek/qorc-sdk/fpga-examples2/Assignment6/GCC_Project/output/list.o
                0x0000000000002110                vListInsertEnd
 .text.vListInsert
                0x0000000000002128       0x2e /home/abhishek/qorc-sdk/fpga-examples2/Assignment6/GCC_Project/output/list.o
                0x0000000000002128                vListInsert
 .text.uxListRemove
                0x0000000000002156       0x20 /home/abhishek/qorc-sdk/fpga-examples2/Assignment6/GCC_Project/output/list.o
                0x0000000000002156                uxListRemove
 .text.SystemInit
                0x0000000000002176        0x2 /home/abhishek/qorc-sdk/fpga-examples2/Assignment6/GCC_Project/output/main.o
                0x0000000000002176                SystemInit
 .text.PyHal_GPIO_Set
                0x0000000000002178       0x34 /home/abhishek/qorc-sdk/fpga-examples2/Assignment6/GCC_Project/output/main.o
                0x0000000000002178                PyHal_GPIO_Set
 .text.startup.main
                0x00000000000021ac       0xe0 /home/abhishek/qorc-sdk/fpga-examples2/Assignment6/GCC_Project/output/main.o
                0x00000000000021ac                main
 .text.set_gpio_input
                0x000000000000228c       0x34 /home/abhishek/qorc-sdk/fpga-examples2/Assignment6/GCC_Project/output/main_dbg_cli_menu.o
 .text.set_gpio_output
                0x00000000000022c0       0x60 /home/abhishek/qorc-sdk/fpga-examples2/Assignment6/GCC_Project/output/main_dbg_cli_menu.o
 .text.get_gpio_value
                0x0000000000002320       0x50 /home/abhishek/qorc-sdk/fpga-examples2/Assignment6/GCC_Project/output/main_dbg_cli_menu.o
 .text.prvTaskExitError
                0x0000000000002370       0x50 /home/abhishek/qorc-sdk/fpga-examples2/Assignment6/GCC_Project/output/port.o
 .text.pxPortInitialiseStack
                0x00000000000023c0       0x2c /home/abhishek/qorc-sdk/fpga-examples2/Assignment6/GCC_Project/output/port.o
                0x00000000000023c0                pxPortInitialiseStack
 *fill*         0x00000000000023ec        0x4 
 .text.SVC_Handler
                0x00000000000023f0       0x24 /home/abhishek/qorc-sdk/fpga-examples2/Assignment6/GCC_Project/output/port.o
                0x00000000000023f0                SVC_Handler
 .text.vPortEnterCritical
                0x0000000000002414       0x58 /home/abhishek/qorc-sdk/fpga-examples2/Assignment6/GCC_Project/output/port.o
                0x0000000000002414                vPortEnterCritical
 .text.vPortExitCritical
                0x000000000000246c       0x3c /home/abhishek/qorc-sdk/fpga-examples2/Assignment6/GCC_Project/output/port.o
                0x000000000000246c                vPortExitCritical
 *fill*         0x00000000000024a8        0x8 
 .text.PendSV_Handler
                0x00000000000024b0       0x64 /home/abhishek/qorc-sdk/fpga-examples2/Assignment6/GCC_Project/output/port.o
                0x00000000000024b0                PendSV_Handler
 .text.xPortSysTickHandler
                0x0000000000002514       0x2c /home/abhishek/qorc-sdk/fpga-examples2/Assignment6/GCC_Project/output/port.o
                0x0000000000002514                xPortSysTickHandler
 .text.vPortValidateInterruptPriority
                0x0000000000002540       0x7c /home/abhishek/qorc-sdk/fpga-examples2/Assignment6/GCC_Project/output/port.o
                0x0000000000002540                vPortValidateInterruptPriority
 .text.system_init
                0x00000000000025bc       0x6c /home/abhishek/qorc-sdk/fpga-examples2/Assignment6/GCC_Project/output/qf_hardwaresetup.o
                0x00000000000025bc                system_init
 .text.qf_hardwareSetup
                0x0000000000002628       0x78 /home/abhishek/qorc-sdk/fpga-examples2/Assignment6/GCC_Project/output/qf_hardwaresetup.o
                0x0000000000002628                qf_hardwareSetup
 .text.prvIsQueueEmpty
                0x00000000000026a0       0x16 /home/abhishek/qorc-sdk/fpga-examples2/Assignment6/GCC_Project/output/queue.o
 .text.prvCopyDataToQueue
                0x00000000000026b6       0x78 /home/abhishek/qorc-sdk/fpga-examples2/Assignment6/GCC_Project/output/queue.o
 .text.prvCopyDataFromQueue
                0x000000000000272e       0x2c /home/abhishek/qorc-sdk/fpga-examples2/Assignment6/GCC_Project/output/queue.o
 .text.prvUnlockQueue
                0x000000000000275a       0x70 /home/abhishek/qorc-sdk/fpga-examples2/Assignment6/GCC_Project/output/queue.o
 *fill*         0x00000000000027ca        0x2 
 .text.xQueueGenericReset
                0x00000000000027cc       0x90 /home/abhishek/qorc-sdk/fpga-examples2/Assignment6/GCC_Project/output/queue.o
                0x00000000000027cc                xQueueGenericReset
 .text.xQueueGenericCreate
                0x000000000000285c       0x74 /home/abhishek/qorc-sdk/fpga-examples2/Assignment6/GCC_Project/output/queue.o
                0x000000000000285c                xQueueGenericCreate
 .text.xQueueGenericSend
                0x00000000000028d0      0x19c /home/abhishek/qorc-sdk/fpga-examples2/Assignment6/GCC_Project/output/queue.o
                0x00000000000028d0                xQueueGenericSend
 .text.xQueueGenericSendFromISR
                0x0000000000002a6c       0xf0 /home/abhishek/qorc-sdk/fpga-examples2/Assignment6/GCC_Project/output/queue.o
                0x0000000000002a6c                xQueueGenericSendFromISR
 .text.xQueueGenericSendFromISRDebug
                0x0000000000002b5c       0x30 /home/abhishek/qorc-sdk/fpga-examples2/Assignment6/GCC_Project/output/queue.o
                0x0000000000002b5c                xQueueGenericSendFromISRDebug
 .text.xQueueGiveFromISR
                0x0000000000002b8c       0xdc /home/abhishek/qorc-sdk/fpga-examples2/Assignment6/GCC_Project/output/queue.o
                0x0000000000002b8c                xQueueGiveFromISR
 .text.xQueueReceive
                0x0000000000002c68      0x160 /home/abhishek/qorc-sdk/fpga-examples2/Assignment6/GCC_Project/output/queue.o
                0x0000000000002c68                xQueueReceive
 .text.xQueueSemaphoreTake
                0x0000000000002dc8      0x1b0 /home/abhishek/qorc-sdk/fpga-examples2/Assignment6/GCC_Project/output/queue.o
                0x0000000000002dc8                xQueueSemaphoreTake
 .text.xQueuePeek
                0x0000000000002f78      0x160 /home/abhishek/qorc-sdk/fpga-examples2/Assignment6/GCC_Project/output/queue.o
                0x0000000000002f78                xQueuePeek
 .text.uxQueueMessagesWaiting
                0x00000000000030d8       0x3c /home/abhishek/qorc-sdk/fpga-examples2/Assignment6/GCC_Project/output/queue.o
                0x00000000000030d8                uxQueueMessagesWaiting
 .text.vQueueAddToRegistry
                0x0000000000003114       0x24 /home/abhishek/qorc-sdk/fpga-examples2/Assignment6/GCC_Project/output/queue.o
                0x0000000000003114                vQueueAddToRegistry
 .text.s3x_clkd_write_div
                0x0000000000003138       0xa8 /home/abhishek/qorc-sdk/fpga-examples2/Assignment6/GCC_Project/output/s3x_clock.o
 .text.s3x_clkd_read_div
                0x00000000000031e0       0x44 /home/abhishek/qorc-sdk/fpga-examples2/Assignment6/GCC_Project/output/s3x_clock.o
 .text.s3x_clkd_cal_div.part.0
                0x0000000000003224       0x30 /home/abhishek/qorc-sdk/fpga-examples2/Assignment6/GCC_Project/output/s3x_clock.o
 .text.S3x_Id_To_Domain
                0x0000000000003254       0x1c /home/abhishek/qorc-sdk/fpga-examples2/Assignment6/GCC_Project/output/s3x_clock.o
                0x0000000000003254                S3x_Id_To_Domain
 .text.s3x_clkd_update_div_val
                0x0000000000003270       0x4c /home/abhishek/qorc-sdk/fpga-examples2/Assignment6/GCC_Project/output/s3x_clock.o
                0x0000000000003270                s3x_clkd_update_div_val
 .text.s3x_clkd_update_fd_rate
                0x00000000000032bc        0xe /home/abhishek/qorc-sdk/fpga-examples2/Assignment6/GCC_Project/output/s3x_clock.o
                0x00000000000032bc                s3x_clkd_update_fd_rate
 *fill*         0x00000000000032ca        0x2 
 .text.s3x_clkd_update_sd_div
                0x00000000000032cc       0x5c /home/abhishek/qorc-sdk/fpga-examples2/Assignment6/GCC_Project/output/s3x_clock.o
 .text.s3x_clkd_update_all_src_div
                0x0000000000003328       0xcc /home/abhishek/qorc-sdk/fpga-examples2/Assignment6/GCC_Project/output/s3x_clock.o
                0x0000000000003328                s3x_clkd_update_all_src_div
 .text.S3x_Clkd_Get_Hsosc_Rate
                0x00000000000033f4       0x34 /home/abhishek/qorc-sdk/fpga-examples2/Assignment6/GCC_Project/output/s3x_clock.o
                0x00000000000033f4                S3x_Clkd_Get_Hsosc_Rate
 .text.S3x_Clkd_Change_Hsosc
                0x0000000000003428       0x70 /home/abhishek/qorc-sdk/fpga-examples2/Assignment6/GCC_Project/output/s3x_clock.o
                0x0000000000003428                S3x_Clkd_Change_Hsosc
 .text.s3x_clkd_get_src_rate
                0x0000000000003498       0x12 /home/abhishek/qorc-sdk/fpga-examples2/Assignment6/GCC_Project/output/s3x_clock.o
                0x0000000000003498                s3x_clkd_get_src_rate
 *fill*         0x00000000000034aa        0x2 
 .text.s3x_clkd_get_div
                0x00000000000034ac       0x74 /home/abhishek/qorc-sdk/fpga-examples2/Assignment6/GCC_Project/output/s3x_clock.o
                0x00000000000034ac                s3x_clkd_get_div
 .text.s3x_clkd_srate
                0x0000000000003520      0x158 /home/abhishek/qorc-sdk/fpga-examples2/Assignment6/GCC_Project/output/s3x_clock.o
 .text.s3x_clkd_grate
                0x0000000000003678       0x8c /home/abhishek/qorc-sdk/fpga-examples2/Assignment6/GCC_Project/output/s3x_clock.o
 .text.s3x_clkd_set_src_div_st
                0x0000000000003704       0x4c /home/abhishek/qorc-sdk/fpga-examples2/Assignment6/GCC_Project/output/s3x_clock.o
 .text.s3x_update_clk_rate
                0x0000000000003750       0xb0 /home/abhishek/qorc-sdk/fpga-examples2/Assignment6/GCC_Project/output/s3x_clock.o
                0x0000000000003750                s3x_update_clk_rate
 .text.s3x_clkd_get_gate_mask_st
                0x0000000000003800       0x16 /home/abhishek/qorc-sdk/fpga-examples2/Assignment6/GCC_Project/output/s3x_clock.o
                0x0000000000003800                s3x_clkd_get_gate_mask_st
 *fill*         0x0000000000003816        0x2 
 .text.s3x_clkd_set_gate_mask
                0x0000000000003818       0x50 /home/abhishek/qorc-sdk/fpga-examples2/Assignment6/GCC_Project/output/s3x_clock.o
                0x0000000000003818                s3x_clkd_set_gate_mask
 .text.s3x_clkd_enable_gate
                0x0000000000003868       0x68 /home/abhishek/qorc-sdk/fpga-examples2/Assignment6/GCC_Project/output/s3x_clock.o
 .text.s3x_clkd_disable_gate
                0x00000000000038d0       0x54 /home/abhishek/qorc-sdk/fpga-examples2/Assignment6/GCC_Project/output/s3x_clock.o
 .text._S3x_Clk_Enable
                0x0000000000003924       0xb8 /home/abhishek/qorc-sdk/fpga-examples2/Assignment6/GCC_Project/output/s3x_clock.o
                0x0000000000003924                _S3x_Clk_Enable
 .text._S3x_Clk_Disable
                0x00000000000039dc       0xc8 /home/abhishek/qorc-sdk/fpga-examples2/Assignment6/GCC_Project/output/s3x_clock.o
                0x00000000000039dc                _S3x_Clk_Disable
 .text._S3x_Clk_Get_Status
                0x0000000000003aa4       0x2c /home/abhishek/qorc-sdk/fpga-examples2/Assignment6/GCC_Project/output/s3x_clock.o
                0x0000000000003aa4                _S3x_Clk_Get_Status
 .text._S3x_Clk_Get_Rate
                0x0000000000003ad0       0x28 /home/abhishek/qorc-sdk/fpga-examples2/Assignment6/GCC_Project/output/s3x_clock.o
                0x0000000000003ad0                _S3x_Clk_Get_Rate
 .text.S3x_Clk_Init
                0x0000000000003af8      0x15c /home/abhishek/qorc-sdk/fpga-examples2/Assignment6/GCC_Project/output/s3x_clock.o
                0x0000000000003af8                S3x_Clk_Init
 .text.S3x_Clk_Enable
                0x0000000000003c54        0x4 /home/abhishek/qorc-sdk/fpga-examples2/Assignment6/GCC_Project/output/s3x_clock_hal.o
                0x0000000000003c54                S3x_Clk_Enable
 .text.S3x_Clk_Disable
                0x0000000000003c58        0x4 /home/abhishek/qorc-sdk/fpga-examples2/Assignment6/GCC_Project/output/s3x_clock_hal.o
                0x0000000000003c58                S3x_Clk_Disable
 .text.S3x_Clk_Get_Rate
                0x0000000000003c5c        0x4 /home/abhishek/qorc-sdk/fpga-examples2/Assignment6/GCC_Project/output/s3x_clock_hal.o
                0x0000000000003c5c                S3x_Clk_Get_Rate
 .text.DFS_cpuload
                0x0000000000003c60       0x4c /home/abhishek/qorc-sdk/fpga-examples2/Assignment6/GCC_Project/output/s3x_cpuload.o
                0x0000000000003c60                DFS_cpuload
 .text.DFS_resetsleepticks
                0x0000000000003cac        0xc /home/abhishek/qorc-sdk/fpga-examples2/Assignment6/GCC_Project/output/s3x_cpuload.o
                0x0000000000003cac                DFS_resetsleepticks
 .text.DFS_UpdateTimer
                0x0000000000003cb8       0x5c /home/abhishek/qorc-sdk/fpga-examples2/Assignment6/GCC_Project/output/s3x_dfs.o
 .text.DFS_StartTimer
                0x0000000000003d14       0x88 /home/abhishek/qorc-sdk/fpga-examples2/Assignment6/GCC_Project/output/s3x_dfs.o
                0x0000000000003d14                DFS_StartTimer
 .text.S3x_Set_Policy
                0x0000000000003d9c       0xf8 /home/abhishek/qorc-sdk/fpga-examples2/Assignment6/GCC_Project/output/s3x_dfs.o
                0x0000000000003d9c                S3x_Set_Policy
 .text.S3x_get_max_rate_dfs_node
                0x0000000000003e94       0x28 /home/abhishek/qorc-sdk/fpga-examples2/Assignment6/GCC_Project/output/s3x_dfs.o
                0x0000000000003e94                S3x_get_max_rate_dfs_node
 .text.S3x_Stepup_Policy
                0x0000000000003ebc       0x7c /home/abhishek/qorc-sdk/fpga-examples2/Assignment6/GCC_Project/output/s3x_dfs.o
 .text.DFS_TimerCB
                0x0000000000003f38        0xe /home/abhishek/qorc-sdk/fpga-examples2/Assignment6/GCC_Project/output/s3x_dfs.o
 *fill*         0x0000000000003f46        0x2 
 .text.DFS_Get_Curr_Policy
                0x0000000000003f48        0xc /home/abhishek/qorc-sdk/fpga-examples2/Assignment6/GCC_Project/output/s3x_dfs.o
                0x0000000000003f48                DFS_Get_Curr_Policy
 .text.DFS_Initialize
                0x0000000000003f54       0x14 /home/abhishek/qorc-sdk/fpga-examples2/Assignment6/GCC_Project/output/s3x_dfs.o
                0x0000000000003f54                DFS_Initialize
 .text.S3x_Register_Lpm_Cb
                0x0000000000003f68       0x40 /home/abhishek/qorc-sdk/fpga-examples2/Assignment6/GCC_Project/output/s3x_lpm.o
                0x0000000000003f68                S3x_Register_Lpm_Cb
 .text.s3x_setup_systick_interrupt
                0x0000000000003fa8       0x54 /home/abhishek/qorc-sdk/fpga-examples2/Assignment6/GCC_Project/output/s3x_lpm.o
                0x0000000000003fa8                s3x_setup_systick_interrupt
 .text.SysTick_Handler
                0x0000000000003ffc       0x12 /home/abhishek/qorc-sdk/fpga-examples2/Assignment6/GCC_Project/output/s3x_lpm.o
                0x0000000000003ffc                SysTick_Handler
 *fill*         0x000000000000400e        0x2 
 .text.s3x_get_pi
                0x0000000000004010       0x20 /home/abhishek/qorc-sdk/fpga-examples2/Assignment6/GCC_Project/output/s3x_pi.o
                0x0000000000004010                s3x_get_pi
 .text.s3x_get_pi_gindex
                0x0000000000004030       0x14 /home/abhishek/qorc-sdk/fpga-examples2/Assignment6/GCC_Project/output/s3x_pi.o
                0x0000000000004030                s3x_get_pi_gindex
 .text.s3x_pi_get_st
                0x0000000000004044       0x24 /home/abhishek/qorc-sdk/fpga-examples2/Assignment6/GCC_Project/output/s3x_pi.o
                0x0000000000004044                s3x_pi_get_st
 .text.s3x_pi_set_cfg_st
                0x0000000000004068       0x94 /home/abhishek/qorc-sdk/fpga-examples2/Assignment6/GCC_Project/output/s3x_pi.o
                0x0000000000004068                s3x_pi_set_cfg_st
 .text.s3x_pi_set_active_st
                0x00000000000040fc       0xa8 /home/abhishek/qorc-sdk/fpga-examples2/Assignment6/GCC_Project/output/s3x_pi.o
                0x00000000000040fc                s3x_pi_set_active_st
 .text.s3x_pi_get_clkg_st
                0x00000000000041a4       0x36 /home/abhishek/qorc-sdk/fpga-examples2/Assignment6/GCC_Project/output/s3x_pi.o
                0x00000000000041a4                s3x_pi_get_clkg_st
 .text.s3x_pi_set_clkg_st
                0x00000000000041da       0x26 /home/abhishek/qorc-sdk/fpga-examples2/Assignment6/GCC_Project/output/s3x_pi.o
                0x00000000000041da                s3x_pi_set_clkg_st
 .text.s3x_set_pi_state
                0x0000000000004200        0xc /home/abhishek/qorc-sdk/fpga-examples2/Assignment6/GCC_Project/output/s3x_pi.o
                0x0000000000004200                s3x_set_pi_state
 .text.s3x_get_pi_init_state
                0x000000000000420c       0x18 /home/abhishek/qorc-sdk/fpga-examples2/Assignment6/GCC_Project/output/s3x_pi.o
                0x000000000000420c                s3x_get_pi_init_state
 .text.S3x_pi_init
                0x0000000000004224       0x20 /home/abhishek/qorc-sdk/fpga-examples2/Assignment6/GCC_Project/output/s3x_pi.o
                0x0000000000004224                S3x_pi_init
 .text.S3x_pwrcfg_init
                0x0000000000004244       0x2c /home/abhishek/qorc-sdk/fpga-examples2/Assignment6/GCC_Project/output/s3x_pwrcfg.o
                0x0000000000004244                S3x_pwrcfg_init
 .text.S3x_get_qos_rate
                0x0000000000004270       0x38 /home/abhishek/qorc-sdk/fpga-examples2/Assignment6/GCC_Project/output/s3x_qos.o
                0x0000000000004270                S3x_get_qos_rate
 .text.save_assert_info
                0x00000000000042a8       0x74 /home/abhishek/qorc-sdk/fpga-examples2/Assignment6/GCC_Project/output/sec_debug.o
                0x00000000000042a8                save_assert_info
 .text.invoke_soft_fault
                0x000000000000431c       0x20 /home/abhishek/qorc-sdk/fpga-examples2/Assignment6/GCC_Project/output/sec_debug.o
                0x000000000000431c                invoke_soft_fault
 .text.Reset_Handler
                0x000000000000433c       0x2c /home/abhishek/qorc-sdk/fpga-examples2/Assignment6/GCC_Project/output/startup_EOSS3B_GCC.o
                0x000000000000433c                Reset_Handler
 .text.__semihost_call
                0x0000000000004368        0x6 /home/abhishek/qorc-sdk/fpga-examples2/Assignment6/GCC_Project/output/startup_EOSS3B_GCC.o
                0x0000000000004368                __semihost_call
 *fill*         0x000000000000436e        0x2 
 .text.prvResetNextTaskUnblockTime
                0x0000000000004370       0x24 /home/abhishek/qorc-sdk/fpga-examples2/Assignment6/GCC_Project/output/tasks.o
 .text.prvAddCurrentTaskToDelayedList
                0x0000000000004394       0x8c /home/abhishek/qorc-sdk/fpga-examples2/Assignment6/GCC_Project/output/tasks.o
 .text.xTaskCreate
                0x0000000000004420      0x1e0 /home/abhishek/qorc-sdk/fpga-examples2/Assignment6/GCC_Project/output/tasks.o
                0x0000000000004420                xTaskCreate
 .text.vTaskSuspendAll
                0x0000000000004600       0x10 /home/abhishek/qorc-sdk/fpga-examples2/Assignment6/GCC_Project/output/tasks.o
                0x0000000000004600                vTaskSuspendAll
 .text.xTaskGetTickCount
                0x0000000000004610        0xc /home/abhishek/qorc-sdk/fpga-examples2/Assignment6/GCC_Project/output/tasks.o
                0x0000000000004610                xTaskGetTickCount
 .text.xTaskIncrementTick
                0x000000000000461c      0x14c /home/abhishek/qorc-sdk/fpga-examples2/Assignment6/GCC_Project/output/tasks.o
                0x000000000000461c                xTaskIncrementTick
 .text.xTaskResumeAll
                0x0000000000004768      0x100 /home/abhishek/qorc-sdk/fpga-examples2/Assignment6/GCC_Project/output/tasks.o
                0x0000000000004768                xTaskResumeAll
 .text.vTaskDelay
                0x0000000000004868       0x60 /home/abhishek/qorc-sdk/fpga-examples2/Assignment6/GCC_Project/output/tasks.o
                0x0000000000004868                vTaskDelay
 .text.vTaskSwitchContext
                0x00000000000048c8       0xb8 /home/abhishek/qorc-sdk/fpga-examples2/Assignment6/GCC_Project/output/tasks.o
                0x00000000000048c8                vTaskSwitchContext
 .text.vTaskPlaceOnEventList
                0x0000000000004980       0x48 /home/abhishek/qorc-sdk/fpga-examples2/Assignment6/GCC_Project/output/tasks.o
                0x0000000000004980                vTaskPlaceOnEventList
 .text.xTaskRemoveFromEventList
                0x00000000000049c8       0x9c /home/abhishek/qorc-sdk/fpga-examples2/Assignment6/GCC_Project/output/tasks.o
                0x00000000000049c8                xTaskRemoveFromEventList
 .text.vTaskInternalSetTimeOutState
                0x0000000000004a64       0x18 /home/abhishek/qorc-sdk/fpga-examples2/Assignment6/GCC_Project/output/tasks.o
                0x0000000000004a64                vTaskInternalSetTimeOutState
 .text.xTaskCheckForTimeOut
                0x0000000000004a7c       0x94 /home/abhishek/qorc-sdk/fpga-examples2/Assignment6/GCC_Project/output/tasks.o
                0x0000000000004a7c                xTaskCheckForTimeOut
 .text.vTaskMissedYield
                0x0000000000004b10        0xc /home/abhishek/qorc-sdk/fpga-examples2/Assignment6/GCC_Project/output/tasks.o
                0x0000000000004b10                vTaskMissedYield
 .text.uxTaskGetTCBNumber
                0x0000000000004b1c       0x14 /home/abhishek/qorc-sdk/fpga-examples2/Assignment6/GCC_Project/output/tasks.o
                0x0000000000004b1c                uxTaskGetTCBNumber
 .text.xTaskGetCurrentTaskHandle
                0x0000000000004b30        0xc /home/abhishek/qorc-sdk/fpga-examples2/Assignment6/GCC_Project/output/tasks.o
                0x0000000000004b30                xTaskGetCurrentTaskHandle
 .text.xTaskGetSchedulerState
                0x0000000000004b3c       0x20 /home/abhishek/qorc-sdk/fpga-examples2/Assignment6/GCC_Project/output/tasks.o
                0x0000000000004b3c                xTaskGetSchedulerState
 .text.xTaskPriorityInherit
                0x0000000000004b5c       0xa8 /home/abhishek/qorc-sdk/fpga-examples2/Assignment6/GCC_Project/output/tasks.o
                0x0000000000004b5c                xTaskPriorityInherit
 .text.xTaskPriorityDisinherit
                0x0000000000004c04       0xc4 /home/abhishek/qorc-sdk/fpga-examples2/Assignment6/GCC_Project/output/tasks.o
                0x0000000000004c04                xTaskPriorityDisinherit
 .text.vTaskPriorityDisinheritAfterTimeout
                0x0000000000004cc8       0xd8 /home/abhishek/qorc-sdk/fpga-examples2/Assignment6/GCC_Project/output/tasks.o
                0x0000000000004cc8                vTaskPriorityDisinheritAfterTimeout
 .text.pvTaskIncrementMutexHeldCount
                0x0000000000004da0       0x18 /home/abhishek/qorc-sdk/fpga-examples2/Assignment6/GCC_Project/output/tasks.o
                0x0000000000004da0                pvTaskIncrementMutexHeldCount
 .text.prvCheckForValidListAndQueue
                0x0000000000004db8       0x58 /home/abhishek/qorc-sdk/fpga-examples2/Assignment6/GCC_Project/output/timers.o
 .text.xTimerCreate
                0x0000000000004e10       0x58 /home/abhishek/qorc-sdk/fpga-examples2/Assignment6/GCC_Project/output/timers.o
                0x0000000000004e10                xTimerCreate
 .text.xTimerGenericCommand
                0x0000000000004e68       0x70 /home/abhishek/qorc-sdk/fpga-examples2/Assignment6/GCC_Project/output/timers.o
                0x0000000000004e68                xTimerGenericCommand
 .text          0x0000000000004ed8       0x30 /usr/lib/gcc/arm-none-eabi/9.2.1/thumb/v7e-m+fp/hard/libgcc.a(_aeabi_uldivmod.o)
                0x0000000000004ed8                __aeabi_uldivmod
 .text          0x0000000000004f08      0x2c4 /usr/lib/gcc/arm-none-eabi/9.2.1/thumb/v7e-m+fp/hard/libgcc.a(_udivmoddi4.o)
                0x0000000000004f08                __udivmoddi4
 .text          0x00000000000051cc        0x4 /usr/lib/gcc/arm-none-eabi/9.2.1/thumb/v7e-m+fp/hard/libgcc.a(_dvmd_tls.o)
                0x00000000000051cc                __aeabi_ldiv0
                0x00000000000051cc                __aeabi_idiv0
 .text          0x00000000000051d0        0xc /usr/lib/gcc/arm-none-eabi/9.2.1/../../../arm-none-eabi/lib/thumb/v7e-m+fp/hard/libg_nano.a(lib_a-atexit.o)
                0x00000000000051d0                atexit
 .text          0x00000000000051dc       0x28 /usr/lib/gcc/arm-none-eabi/9.2.1/../../../arm-none-eabi/lib/thumb/v7e-m+fp/hard/libg_nano.a(lib_a-exit.o)
                0x00000000000051dc                exit
 .text          0x0000000000005204       0x34 /usr/lib/gcc/arm-none-eabi/9.2.1/../../../arm-none-eabi/lib/thumb/v7e-m+fp/hard/libg_nano.a(lib_a-fini.o)
                0x0000000000005204                __libc_fini_array
 .text          0x0000000000005238       0x48 /usr/lib/gcc/arm-none-eabi/9.2.1/../../../arm-none-eabi/lib/thumb/v7e-m+fp/hard/libg_nano.a(lib_a-init.o)
                0x0000000000005238                __libc_init_array
 .text          0x0000000000005280       0x20 /usr/lib/gcc/arm-none-eabi/9.2.1/../../../arm-none-eabi/lib/thumb/v7e-m+fp/hard/libg_nano.a(lib_a-malloc.o)
                0x0000000000005280                malloc
                0x0000000000005290                free
 .text          0x00000000000052a0      0x134 /usr/lib/gcc/arm-none-eabi/9.2.1/../../../arm-none-eabi/lib/thumb/v7e-m+fp/hard/libg_nano.a(lib_a-memcpy.o)
                0x00000000000052a0                memcpy
 .text          0x00000000000053d4       0xa0 /usr/lib/gcc/arm-none-eabi/9.2.1/../../../arm-none-eabi/lib/thumb/v7e-m+fp/hard/libg_nano.a(lib_a-memset.o)
                0x00000000000053d4                memset
 .text          0x0000000000005474       0xac /usr/lib/gcc/arm-none-eabi/9.2.1/../../../arm-none-eabi/lib/thumb/v7e-m+fp/hard/libg_nano.a(lib_a-nano-freer.o)
                0x0000000000005474                _free_r
 .text          0x0000000000005520       0xc8 /usr/lib/gcc/arm-none-eabi/9.2.1/../../../arm-none-eabi/lib/thumb/v7e-m+fp/hard/libg_nano.a(lib_a-nano-mallocr.o)
                0x0000000000005520                _malloc_r
 .text          0x00000000000055e8       0x68 /usr/lib/gcc/arm-none-eabi/9.2.1/../../../arm-none-eabi/lib/thumb/v7e-m+fp/hard/libg_nano.a(lib_a-printf.o)
                0x00000000000055e8                _printf_r
                0x00000000000055e8                _iprintf_r
                0x0000000000005618                printf
                0x0000000000005618                iprintf
 .text          0x0000000000005650       0xe8 /usr/lib/gcc/arm-none-eabi/9.2.1/../../../arm-none-eabi/lib/thumb/v7e-m+fp/hard/libg_nano.a(lib_a-puts.o)
                0x0000000000005650                _puts_r
                0x0000000000005728                puts
 .text          0x0000000000005738       0x24 /usr/lib/gcc/arm-none-eabi/9.2.1/../../../arm-none-eabi/lib/thumb/v7e-m+fp/hard/libg_nano.a(lib_a-sbrkr.o)
                0x0000000000005738                _sbrk_r
 .text          0x000000000000575c       0x1c /usr/lib/gcc/arm-none-eabi/9.2.1/../../../arm-none-eabi/lib/thumb/v7e-m+fp/hard/libg_nano.a(lib_a-setjmp.o)
                0x000000000000575c                setjmp
                0x0000000000005768                longjmp
 .text          0x0000000000005778      0x110 /usr/lib/gcc/arm-none-eabi/9.2.1/../../../arm-none-eabi/lib/thumb/v7e-m+fp/hard/libg_nano.a(lib_a-snprintf.o)
                0x0000000000005778                _sniprintf_r
                0x0000000000005778                _snprintf_r
                0x00000000000057fc                snprintf
                0x00000000000057fc                sniprintf
 .text          0x0000000000005888       0x80 /usr/lib/gcc/arm-none-eabi/9.2.1/../../../arm-none-eabi/lib/thumb/v7e-m+fp/hard/libg_nano.a(lib_a-sprintf.o)
                0x0000000000005888                _siprintf_r
                0x0000000000005888                _sprintf_r
                0x00000000000058c4                sprintf
                0x00000000000058c4                siprintf
 .text          0x0000000000005908       0xc8 /usr/lib/gcc/arm-none-eabi/9.2.1/../../../arm-none-eabi/lib/thumb/v7e-m+fp/hard/libg_nano.a(lib_a-strchr.o)
                0x0000000000005908                strchr
 *fill*         0x00000000000059d0       0x10 
 .text          0x00000000000059e0      0x2dc /usr/lib/gcc/arm-none-eabi/9.2.1/../../../arm-none-eabi/lib/thumb/v7e-m+fp/hard/libg_nano.a(lib_a-strcmp.o)
                0x00000000000059e8                strcmp
 .text          0x0000000000005cbc       0xbc /usr/lib/gcc/arm-none-eabi/9.2.1/../../../arm-none-eabi/lib/thumb/v7e-m+fp/hard/libg_nano.a(lib_a-strcpy.o)
                0x0000000000005cbc                strcpy
 *fill*         0x0000000000005d78        0x8 
 .text          0x0000000000005d80       0xdc /usr/lib/gcc/arm-none-eabi/9.2.1/../../../arm-none-eabi/lib/thumb/v7e-m+fp/hard/libg_nano.a(lib_a-strlen.o)
                0x0000000000005d80                strlen
 .text          0x0000000000005e5c       0x74 /usr/lib/gcc/arm-none-eabi/9.2.1/../../../arm-none-eabi/lib/thumb/v7e-m+fp/hard/libg_nano.a(lib_a-strncpy.o)
                0x0000000000005e5c                strncpy
 .text          0x0000000000005ed0       0x24 /usr/lib/gcc/arm-none-eabi/9.2.1/../../../arm-none-eabi/lib/thumb/v7e-m+fp/hard/libg_nano.a(lib_a-strrchr.o)
                0x0000000000005ed0                strrchr
 .text          0x0000000000005ef4       0x70 /usr/lib/gcc/arm-none-eabi/9.2.1/../../../arm-none-eabi/lib/thumb/v7e-m+fp/hard/libg_nano.a(lib_a-strtok_r.o)
                0x0000000000005ef4                __strtok_r
                0x0000000000005f5c                strtok_r
 .text          0x0000000000005f64      0x1c4 /usr/lib/gcc/arm-none-eabi/9.2.1/../../../arm-none-eabi/lib/thumb/v7e-m+fp/hard/libg_nano.a(lib_a-strtoll.o)
                0x00000000000060f4                _strtoll_r
                0x00000000000060f8                strtoll_l
                0x0000000000006110                strtoll
 .text          0x0000000000006128      0x1f8 /usr/lib/gcc/arm-none-eabi/9.2.1/../../../arm-none-eabi/lib/thumb/v7e-m+fp/hard/libg_nano.a(lib_a-strtoull.o)
                0x00000000000062ec                _strtoull_r
                0x00000000000062f0                strtoull_l
                0x0000000000006308                strtoull
 .text          0x0000000000006320       0x88 /usr/lib/gcc/arm-none-eabi/9.2.1/../../../arm-none-eabi/lib/thumb/v7e-m+fp/hard/libg_nano.a(lib_a-vsnprintf.o)
                0x0000000000006320                _vsnprintf_r
                0x0000000000006320                _vsniprintf_r
                0x000000000000638c                vsnprintf
                0x000000000000638c                vsniprintf
 .text          0x00000000000063a8       0xc0 /usr/lib/gcc/arm-none-eabi/9.2.1/../../../arm-none-eabi/lib/thumb/v7e-m+fp/hard/libg_nano.a(lib_a-wbuf.o)
                0x00000000000063a8                __swbuf_r
                0x0000000000006458                __swbuf
 .text          0x0000000000006468      0x100 /usr/lib/gcc/arm-none-eabi/9.2.1/../../../arm-none-eabi/lib/thumb/v7e-m+fp/hard/libg_nano.a(lib_a-wsetup.o)
                0x0000000000006468                __swsetup_r
 .text          0x0000000000006568       0xa0 /usr/lib/gcc/arm-none-eabi/9.2.1/../../../arm-none-eabi/lib/thumb/v7e-m+fp/hard/libg_nano.a(lib_a-__atexit.o)
                0x0000000000006568                __register_exitproc
 .text          0x0000000000006608       0x9c /usr/lib/gcc/arm-none-eabi/9.2.1/../../../arm-none-eabi/lib/thumb/v7e-m+fp/hard/libg_nano.a(lib_a-__call_atexit.o)
                0x0000000000006608                __call_exitprocs
 .text          0x00000000000066a4      0x1b0 /usr/lib/gcc/arm-none-eabi/9.2.1/../../../arm-none-eabi/lib/thumb/v7e-m+fp/hard/libg_nano.a(lib_a-fflush.o)
                0x00000000000066a4                __sflush_r
                0x00000000000067d0                _fflush_r
                0x0000000000006830                fflush
 .text          0x0000000000006854      0x210 /usr/lib/gcc/arm-none-eabi/9.2.1/../../../arm-none-eabi/lib/thumb/v7e-m+fp/hard/libg_nano.a(lib_a-findfp.o)
                0x0000000000006858                _cleanup_r
                0x0000000000006868                __sfmoreglue
                0x0000000000006898                __sfp
                0x0000000000006a10                _cleanup
                0x0000000000006a24                __sinit
                0x0000000000006a2c                __sfp_lock_acquire
                0x0000000000006a30                __sfp_lock_release
                0x0000000000006a34                __sinit_lock_acquire
                0x0000000000006a38                __sinit_lock_release
                0x0000000000006a3c                __fp_lock_all
                0x0000000000006a50                __fp_unlock_all
 .text          0x0000000000006a64       0xa0 /usr/lib/gcc/arm-none-eabi/9.2.1/../../../arm-none-eabi/lib/thumb/v7e-m+fp/hard/libg_nano.a(lib_a-fwalk.o)
                0x0000000000006a64                _fwalk
                0x0000000000006ab0                _fwalk_reent
 .text          0x0000000000006b04       0xf0 /usr/lib/gcc/arm-none-eabi/9.2.1/../../../arm-none-eabi/lib/thumb/v7e-m+fp/hard/libg_nano.a(lib_a-makebuf.o)
                0x0000000000006b04                __swhatbuf_r
                0x0000000000006b60                __smakebuf_r
 .text          0x0000000000006bf4        0x8 /usr/lib/gcc/arm-none-eabi/9.2.1/../../../arm-none-eabi/lib/thumb/v7e-m+fp/hard/libg_nano.a(lib_a-mlock.o)
                0x0000000000006bf4                __malloc_lock
                0x0000000000006bf8                __malloc_unlock
 .text          0x0000000000006bfc      0x42c /usr/lib/gcc/arm-none-eabi/9.2.1/../../../arm-none-eabi/lib/thumb/v7e-m+fp/hard/libg_nano.a(lib_a-nano-svfprintf.o)
                0x0000000000006bfc                __ssputs_r
                0x0000000000006cbc                __ssprint_r
                0x0000000000006db4                _svfprintf_r
                0x0000000000006db4                _svfiprintf_r
 .text          0x0000000000007028      0x364 /usr/lib/gcc/arm-none-eabi/9.2.1/../../../arm-none-eabi/lib/thumb/v7e-m+fp/hard/libg_nano.a(lib_a-nano-vfprintf.o)
                0x0000000000007064                __sfputs_r
                0x0000000000007094                __sprint_r
                0x00000000000070b0                _vfiprintf_r
                0x00000000000070b0                _vfprintf_r
                0x0000000000007374                vfiprintf
                0x0000000000007374                vfprintf
 .text          0x000000000000738c      0x3c4 /usr/lib/gcc/arm-none-eabi/9.2.1/../../../arm-none-eabi/lib/thumb/v7e-m+fp/hard/libg_nano.a(lib_a-nano-vfprintf_i.o)
                0x000000000000738c                _printf_common
                0x00000000000074b8                _printf_i
 .text          0x0000000000007750       0x90 /usr/lib/gcc/arm-none-eabi/9.2.1/../../../arm-none-eabi/lib/thumb/v7e-m+fp/hard/libg_nano.a(lib_a-stdio.o)
                0x0000000000007750                __sread
                0x0000000000007774                __seofread
                0x0000000000007778                __swrite
                0x00000000000077b8                __sseek
                0x00000000000077d8                __sclose
 .text          0x00000000000077e0       0x2c /usr/lib/gcc/arm-none-eabi/9.2.1/../../../arm-none-eabi/lib/thumb/v7e-m+fp/hard/libg_nano.a(lib_a-writer.o)
                0x00000000000077e0                _write_r
 .text          0x000000000000780c       0x24 /usr/lib/gcc/arm-none-eabi/9.2.1/../../../arm-none-eabi/lib/thumb/v7e-m+fp/hard/libg_nano.a(lib_a-closer.o)
                0x000000000000780c                _close_r
 .text          0x0000000000007830       0x28 /usr/lib/gcc/arm-none-eabi/9.2.1/../../../arm-none-eabi/lib/thumb/v7e-m+fp/hard/libg_nano.a(lib_a-fstatr.o)
                0x0000000000007830                _fstat_r
 .text          0x0000000000007858      0x308 /usr/lib/gcc/arm-none-eabi/9.2.1/../../../arm-none-eabi/lib/thumb/v7e-m+fp/hard/libg_nano.a(lib_a-fvwrite.o)
                0x0000000000007858                __sfvwrite_r
 .text          0x0000000000007b60       0x24 /usr/lib/gcc/arm-none-eabi/9.2.1/../../../arm-none-eabi/lib/thumb/v7e-m+fp/hard/libg_nano.a(lib_a-isattyr.o)
                0x0000000000007b60                _isatty_r
 .text          0x0000000000007b84       0x2c /usr/lib/gcc/arm-none-eabi/9.2.1/../../../arm-none-eabi/lib/thumb/v7e-m+fp/hard/libg_nano.a(lib_a-lseekr.o)
                0x0000000000007b84                _lseek_r
 .text          0x0000000000007bb0       0xa0 /usr/lib/gcc/arm-none-eabi/9.2.1/../../../arm-none-eabi/lib/thumb/v7e-m+fp/hard/libg_nano.a(lib_a-memchr.o)
                0x0000000000007bb0                memchr
 .text          0x0000000000007c50       0xd0 /usr/lib/gcc/arm-none-eabi/9.2.1/../../../arm-none-eabi/lib/thumb/v7e-m+fp/hard/libg_nano.a(lib_a-memmove.o)
                0x0000000000007c50                memmove
 .text          0x0000000000007d20       0x4c /usr/lib/gcc/arm-none-eabi/9.2.1/../../../arm-none-eabi/lib/thumb/v7e-m+fp/hard/libg_nano.a(lib_a-nano-reallocr.o)
                0x0000000000007d20                _realloc_r
 .text          0x0000000000007d6c       0x2c /usr/lib/gcc/arm-none-eabi/9.2.1/../../../arm-none-eabi/lib/thumb/v7e-m+fp/hard/libg_nano.a(lib_a-readr.o)
                0x0000000000007d6c                _read_r
 .text          0x0000000000007d98       0x10 /usr/lib/gcc/arm-none-eabi/9.2.1/../../../arm-none-eabi/lib/thumb/v7e-m+fp/hard/libg_nano.a(lib_a-nano-msizer.o)
                0x0000000000007d98                _malloc_usable_size_r
 .text          0x0000000000007da8       0x10 /usr/lib/gcc/arm-none-eabi/9.2.1/../../../arm-none-eabi/lib/thumb/v7e-m+fp/hard/libnosys.a(fstat.o)
                0x0000000000007da8                _fstat
 .text          0x0000000000007db8       0x10 /usr/lib/gcc/arm-none-eabi/9.2.1/../../../arm-none-eabi/lib/thumb/v7e-m+fp/hard/libnosys.a(isatty.o)
                0x0000000000007db8                _isatty
 .text          0x0000000000007dc8       0x1c /usr/lib/gcc/arm-none-eabi/9.2.1/../../../arm-none-eabi/lib/thumb/v7e-m+fp/hard/libnosys.a(sbrk.o)
                0x0000000000007dc8                _sbrk
 .text          0x0000000000007de4        0x4 /usr/lib/gcc/arm-none-eabi/9.2.1/../../../arm-none-eabi/lib/thumb/v7e-m+fp/hard/libnosys.a(_exit.o)
                0x0000000000007de4                _exit
 *(.init)
 .init          0x0000000000007de8        0x4 /usr/lib/gcc/arm-none-eabi/9.2.1/thumb/v7e-m+fp/hard/crti.o
                0x0000000000007de8                _init
 .init          0x0000000000007dec        0x8 /usr/lib/gcc/arm-none-eabi/9.2.1/thumb/v7e-m+fp/hard/crtn.o
 *(.fini)
 .fini          0x0000000000007df4        0x4 /usr/lib/gcc/arm-none-eabi/9.2.1/thumb/v7e-m+fp/hard/crti.o
                0x0000000000007df4                _fini
 .fini          0x0000000000007df8        0x8 /usr/lib/gcc/arm-none-eabi/9.2.1/thumb/v7e-m+fp/hard/crtn.o
 *crtbegin.o(.ctors)
 *crtbegin?.o(.ctors)
 *(EXCLUDE_FILE(*crtend.o *crtend?.o) .ctors)
 *(SORT_BY_NAME(.ctors.*))
 *(.ctors)
 *crtbegin.o(.dtors)
 *crtbegin?.o(.dtors)
 *(EXCLUDE_FILE(*crtend.o *crtend?.o) .dtors)
 *(SORT_BY_NAME(.dtors.*))
 *(.dtors)
 *(.rodata*)
 .rodata.CLI_string_ptr_get_subcmd.str1.1
                0x0000000000007e00        0xc /home/abhishek/qorc-sdk/fpga-examples2/Assignment6/GCC_Project/output/cli_args.o
 .rodata.CLI_numX_getshow_X.str1.1
                0x0000000000007e0c       0x23 /home/abhishek/qorc-sdk/fpga-examples2/Assignment6/GCC_Project/output/cli_args.o
 .rodata.handle_help.str1.1
                0x0000000000007e2f       0x2e /home/abhishek/qorc-sdk/fpga-examples2/Assignment6/GCC_Project/output/cli_loop.o
                                         0x33 (size before relaxing)
 .rodata.CLI_cmd_stack_push.str1.1
                0x0000000000007e5d       0x1a /home/abhishek/qorc-sdk/fpga-examples2/Assignment6/GCC_Project/output/cli_loop.o
 .rodata.CLI_cmd_stack_pop.str1.1
                0x0000000000007e77       0x16 /home/abhishek/qorc-sdk/fpga-examples2/Assignment6/GCC_Project/output/cli_loop.o
 .rodata.handle_exit.str1.1
                0x0000000000007e8d        0xa /home/abhishek/qorc-sdk/fpga-examples2/Assignment6/GCC_Project/output/cli_loop.o
 .rodata.CLI_print_prompt.str1.1
                0x0000000000007e97        0xd /home/abhishek/qorc-sdk/fpga-examples2/Assignment6/GCC_Project/output/cli_loop.o
 .rodata.CLI_dispatch_subcmd.str1.1
                0x0000000000007ea4       0x2a /home/abhishek/qorc-sdk/fpga-examples2/Assignment6/GCC_Project/output/cli_loop.o
 .rodata.CLI_dispatch.str1.1
                0x0000000000007ece       0x21 /home/abhishek/qorc-sdk/fpga-examples2/Assignment6/GCC_Project/output/cli_loop.o
 .rodata.CLI_verror.str1.1
                0x0000000000007eef        0x8 /home/abhishek/qorc-sdk/fpga-examples2/Assignment6/GCC_Project/output/cli_loop.o
 .rodata.CLI_rx_byte.str1.1
                0x0000000000007ef7        0x9 /home/abhishek/qorc-sdk/fpga-examples2/Assignment6/GCC_Project/output/cli_loop.o
 .rodata.str1.1
                0x0000000000007f00       0x21 /home/abhishek/qorc-sdk/fpga-examples2/Assignment6/GCC_Project/output/cli_loop.o
                                         0x26 (size before relaxing)
 .rodata._backspace.7310
                0x0000000000007f21        0x4 /home/abhishek/qorc-sdk/fpga-examples2/Assignment6/GCC_Project/output/cli_loop.o
 *fill*         0x0000000000007f25        0x3 
 .rodata.std_cmds
                0x0000000000007f28       0x40 /home/abhishek/qorc-sdk/fpga-examples2/Assignment6/GCC_Project/output/cli_loop.o
 .rodata.CLI_error_missing_parameter.str1.1
                0x0000000000007f68        0xd /home/abhishek/qorc-sdk/fpga-examples2/Assignment6/GCC_Project/output/cli_misc.o
 .rodata.CLI_error_not_a_number.str1.1
                0x0000000000007f75       0x17 /home/abhishek/qorc-sdk/fpga-examples2/Assignment6/GCC_Project/output/cli_misc.o
 .rodata.CLI_task.str1.1
                0x0000000000007f8c       0x42 /home/abhishek/qorc-sdk/fpga-examples2/Assignment6/GCC_Project/output/cli_platform.o
 .rodata.CLI_start_task.str1.1
                0x0000000000007fce       0x3e /home/abhishek/qorc-sdk/fpga-examples2/Assignment6/GCC_Project/output/cli_platform.o
 .rodata.dbg_str.str1.1
                0x000000000000800c        0x3 /home/abhishek/qorc-sdk/fpga-examples2/Assignment6/GCC_Project/output/dbg_uart.o
 .rodata._colon_tt.8565
                0x000000000000800f        0x4 /home/abhishek/qorc-sdk/fpga-examples2/Assignment6/GCC_Project/output/dbg_uart.o
 .rodata.HAL_PAD_Config.str1.1
                0x0000000000008013       0x38 /home/abhishek/qorc-sdk/fpga-examples2/Assignment6/GCC_Project/output/eoss3_hal_pad_config.o
 .rodata.IO_INPUT_PAD_SEL
                0x000000000000804b       0x10 /home/abhishek/qorc-sdk/fpga-examples2/Assignment6/GCC_Project/output/eoss3_hal_pad_config.o
                0x000000000000804b                IO_INPUT_PAD_SEL
 .rodata.SEL_EXT_PAD_REGS
                0x000000000000805b      0x160 /home/abhishek/qorc-sdk/fpga-examples2/Assignment6/GCC_Project/output/eoss3_hal_pad_config.o
                0x000000000000805b                SEL_EXT_PAD_REGS
 .rodata.unlock_spi1_bus.str1.1
                0x00000000000081bb       0x36 /home/abhishek/qorc-sdk/fpga-examples2/Assignment6/GCC_Project/output/eoss3_hal_spi.o
 .rodata.SendEventToTimerThread.str1.1
                0x00000000000081f1       0x82 /home/abhishek/qorc-sdk/fpga-examples2/Assignment6/GCC_Project/output/eoss3_hal_timer.o
 .rodata.HAL_Timer_ISR.str1.1
                0x0000000000008273       0x20 /home/abhishek/qorc-sdk/fpga-examples2/Assignment6/GCC_Project/output/eoss3_hal_timer.o
 .rodata.__FUNCTION__.9326
                0x0000000000008293        0xe /home/abhishek/qorc-sdk/fpga-examples2/Assignment6/GCC_Project/output/eoss3_hal_timer.o
 .rodata.uart_init.str1.1
                0x00000000000082a1        0xc /home/abhishek/qorc-sdk/fpga-examples2/Assignment6/GCC_Project/output/eoss3_hal_uart.o
 *fill*         0x00000000000082ad        0x3 
 .rodata.CSWTCH.25
                0x00000000000082b0       0x28 /home/abhishek/qorc-sdk/fpga-examples2/Assignment6/GCC_Project/output/eoss3_hal_uart.o
 .rodata.WDT_ISR.str1.1
                0x00000000000082d8       0x4d /home/abhishek/qorc-sdk/fpga-examples2/Assignment6/GCC_Project/output/eoss3_hal_wdt.o
 .rodata.__FUNCTION__.8690
                0x0000000000008325        0x8 /home/abhishek/qorc-sdk/fpga-examples2/Assignment6/GCC_Project/output/eoss3_hal_wdt.o
 .rodata.spurious_interrupt.str1.1
                0x000000000000832d        0xd /home/abhishek/qorc-sdk/fpga-examples2/Assignment6/GCC_Project/output/exceptions.o
 .rodata.prvGetRegistersFromStack.str1.1
                0x000000000000833a       0x41 /home/abhishek/qorc-sdk/fpga-examples2/Assignment6/GCC_Project/output/exceptions.o
                                         0x44 (size before relaxing)
 .rodata.vApplicationMallocFailedHook.str1.1
                0x000000000000837b       0x20 /home/abhishek/qorc-sdk/fpga-examples2/Assignment6/GCC_Project/output/exceptions.o
 .rodata.vApplicationStackOverflowHook.str1.1
                0x000000000000839b       0x21 /home/abhishek/qorc-sdk/fpga-examples2/Assignment6/GCC_Project/output/exceptions.o
 .rodata.pvPortMalloc.str1.1
                0x00000000000083bc       0x3c /home/abhishek/qorc-sdk/fpga-examples2/Assignment6/GCC_Project/output/heap_4.o
 .rodata.vPortFree.str1.1
                0x00000000000083f8       0x35 /home/abhishek/qorc-sdk/fpga-examples2/Assignment6/GCC_Project/output/heap_4.o
 .rodata.main.str1.1
                0x000000000000842d       0xcb /home/abhishek/qorc-sdk/fpga-examples2/Assignment6/GCC_Project/output/main.o
                                         0xd0 (size before relaxing)
 .rodata.set_gpio_input.str1.1
                0x00000000000084f8        0x3 /home/abhishek/qorc-sdk/fpga-examples2/Assignment6/GCC_Project/output/main_dbg_cli_menu.o
 .rodata.set_gpio_output.str1.1
                0x00000000000084fb        0x3 /home/abhishek/qorc-sdk/fpga-examples2/Assignment6/GCC_Project/output/main_dbg_cli_menu.o
                                          0x4 (size before relaxing)
 .rodata.get_gpio_value.str1.1
                0x00000000000084fb       0x11 /home/abhishek/qorc-sdk/fpga-examples2/Assignment6/GCC_Project/output/main_dbg_cli_menu.o
 .rodata.str1.1
                0x000000000000850c       0x6e /home/abhishek/qorc-sdk/fpga-examples2/Assignment6/GCC_Project/output/main_dbg_cli_menu.o
 *fill*         0x000000000000857a        0x2 
 .rodata.my_main_menu
                0x000000000000857c       0x20 /home/abhishek/qorc-sdk/fpga-examples2/Assignment6/GCC_Project/output/main_dbg_cli_menu.o
                0x000000000000857c                my_main_menu
 .rodata.qorc_gpioctlr
                0x000000000000859c       0x40 /home/abhishek/qorc-sdk/fpga-examples2/Assignment6/GCC_Project/output/main_dbg_cli_menu.o
                0x000000000000859c                qorc_gpioctlr
 .rodata.prvTaskExitError.str1.1
                0x00000000000085dc       0x4f /home/abhishek/qorc-sdk/fpga-examples2/Assignment6/GCC_Project/output/port.o
 .rodata.xQueueGenericReset.str1.1
                0x000000000000862b       0x2a /home/abhishek/qorc-sdk/fpga-examples2/Assignment6/GCC_Project/output/queue.o
 .rodata.S3x_Clk_Init.str1.1
                0x0000000000008655       0x40 /home/abhishek/qorc-sdk/fpga-examples2/Assignment6/GCC_Project/output/s3x_clock.o
 .rodata.DFS_StartTimer.str1.1
                0x0000000000008695       0x41 /home/abhishek/qorc-sdk/fpga-examples2/Assignment6/GCC_Project/output/s3x_dfs.o
 .rodata.S3x_Set_Policy.str1.1
                0x00000000000086d6       0x17 /home/abhishek/qorc-sdk/fpga-examples2/Assignment6/GCC_Project/output/s3x_dfs.o
 .rodata.s3x_pi_set_active_st.str1.1
                0x00000000000086ed       0x2f /home/abhishek/qorc-sdk/fpga-examples2/Assignment6/GCC_Project/output/s3x_pi.o
 .rodata.__func__.9039
                0x000000000000871c       0x15 /home/abhishek/qorc-sdk/fpga-examples2/Assignment6/GCC_Project/output/s3x_pi.o
 .rodata.save_assert_info.str1.1
                0x0000000000008731       0x1c /home/abhishek/qorc-sdk/fpga-examples2/Assignment6/GCC_Project/output/sec_debug.o
 .rodata.invoke_soft_fault.str1.1
                0x000000000000874d        0xc /home/abhishek/qorc-sdk/fpga-examples2/Assignment6/GCC_Project/output/sec_debug.o
 .rodata        0x0000000000008759        0x8 /home/abhishek/qorc-sdk/fpga-examples2/Assignment6/GCC_Project/output/sec_debug.o
 .rodata.prvTaskIsTaskSuspended.str1.1
                0x0000000000008761       0x2a /home/abhishek/qorc-sdk/fpga-examples2/Assignment6/GCC_Project/output/tasks.o
 .rodata.prvCheckForValidListAndQueue.str1.1
                0x000000000000878b        0x5 /home/abhishek/qorc-sdk/fpga-examples2/Assignment6/GCC_Project/output/timers.o
 .rodata.xTimerCreateTimerTask.str1.1
                0x0000000000008790       0x33 /home/abhishek/qorc-sdk/fpga-examples2/Assignment6/GCC_Project/output/timers.o
 *fill*         0x00000000000087c3        0x1 
 .rodata        0x00000000000087c4        0x4 /usr/lib/gcc/arm-none-eabi/9.2.1/../../../arm-none-eabi/lib/thumb/v7e-m+fp/hard/libg_nano.a(lib_a-impure.o)
                0x00000000000087c4                _global_impure_ptr
 .rodata        0x00000000000087c8      0x101 /usr/lib/gcc/arm-none-eabi/9.2.1/../../../arm-none-eabi/lib/thumb/v7e-m+fp/hard/libg_nano.a(lib_a-ctype_.o)
                0x00000000000087c8                _ctype_
 *fill*         0x00000000000088c9        0x3 
 .rodata        0x00000000000088cc       0x60 /usr/lib/gcc/arm-none-eabi/9.2.1/../../../arm-none-eabi/lib/thumb/v7e-m+fp/hard/libg_nano.a(lib_a-findfp.o)
                0x00000000000088cc                __sf_fake_stderr
                0x00000000000088ec                __sf_fake_stdout
                0x000000000000890c                __sf_fake_stdin
 .rodata.str1.4
                0x000000000000892c       0x13 /usr/lib/gcc/arm-none-eabi/9.2.1/../../../arm-none-eabi/lib/thumb/v7e-m+fp/hard/libg_nano.a(lib_a-nano-svfprintf.o)
 .rodata.str1.4
                0x000000000000893f       0x13 /usr/lib/gcc/arm-none-eabi/9.2.1/../../../arm-none-eabi/lib/thumb/v7e-m+fp/hard/libg_nano.a(lib_a-nano-vfprintf.o)
 *fill*         0x000000000000893f        0x1 
 .rodata.str1.4
                0x0000000000008940       0x25 /usr/lib/gcc/arm-none-eabi/9.2.1/../../../arm-none-eabi/lib/thumb/v7e-m+fp/hard/libg_nano.a(lib_a-nano-vfprintf_i.o)
 *(.eh_fram e*)

.eh_frame       0x0000000000008968        0x0
 .eh_frame      0x0000000000008968        0x0 /usr/lib/gcc/arm-none-eabi/9.2.1/thumb/v7e-m+fp/hard/crtbegin.o

.glue_7         0x0000000000008968        0x0
 .glue_7        0x0000000000008968        0x0 linker stubs

.glue_7t        0x0000000000008968        0x0
 .glue_7t       0x0000000000008968        0x0 linker stubs

.vfp11_veneer   0x0000000000008968        0x0
 .vfp11_veneer  0x0000000000008968        0x0 linker stubs

.v4_bx          0x0000000000008968        0x0
 .v4_bx         0x0000000000008968        0x0 linker stubs

.iplt           0x0000000000008968        0x0
 .iplt          0x0000000000008968        0x0 /usr/lib/gcc/arm-none-eabi/9.2.1/thumb/v7e-m+fp/hard/crtbegin.o

.ARM.extab
 *(.ARM.extab* .gnu.linkonce.armextab.*)
                0x0000000000008965                __exidx_start = .

.ARM.exidx      0x0000000000008968        0x8
 *(.ARM.exidx* .gnu.linkonce.armexidx.*)
 .ARM.exidx     0x0000000000008968        0x8 /usr/lib/gcc/arm-none-eabi/9.2.1/../../../arm-none-eabi/lib/thumb/v7e-m+fp/hard/crt0.o
                                         0x10 (size before relaxing)
 .ARM.exidx     0x0000000000008970        0x0 /usr/lib/gcc/arm-none-eabi/9.2.1/thumb/v7e-m+fp/hard/libgcc.a(_udivmoddi4.o)
                                          0x8 (size before relaxing)
                0x0000000000008970                __exidx_end = .
                0x0000000000008970                __etext = .
                0x0000000000008970                _sidata = __etext

.rel.dyn        0x0000000000008970        0x0
 .rel.iplt      0x0000000000008970        0x0 /usr/lib/gcc/arm-none-eabi/9.2.1/thumb/v7e-m+fp/hard/crtbegin.o

.data           0x0000000020027000      0x8fc load address 0x0000000000008970
                0x0000000020027000                __data_start__ = .
                0x0000000020027000                _sdata = __data_start__
 *(vtable)
 *(.data*)
 .data._dbg_uart_id
                0x0000000020027000        0x4 /home/abhishek/qorc-sdk/fpga-examples2/Assignment6/GCC_Project/output/dbg_uart.o
                0x0000000020027000                _dbg_uart_id
 .data._semihost_handle
                0x0000000020027004        0x4 /home/abhishek/qorc-sdk/fpga-examples2/Assignment6/GCC_Project/output/dbg_uart.o
                0x0000000020027004                _semihost_handle
 .data.pcDbgBuffer
                0x0000000020027008        0x4 /home/abhishek/qorc-sdk/fpga-examples2/Assignment6/GCC_Project/output/dbg_uart.o
                0x0000000020027008                pcDbgBuffer
 .data.pcDbgBufferLim
                0x000000002002700c        0x4 /home/abhishek/qorc-sdk/fpga-examples2/Assignment6/GCC_Project/output/dbg_uart.o
                0x000000002002700c                pcDbgBufferLim
 .data.rtc_alarm_interval
                0x0000000020027010        0x4 /home/abhishek/qorc-sdk/fpga-examples2/Assignment6/GCC_Project/output/eoss3_hal_rtc.o
 .data.pincfg_table